[26/06/2025 22:20:13] Guhzera: ADM ?
[26/06/2025 22:22:57] Guhzera: ADM ON ??
[27/06/2025 21:22:03] Bob Esponja: aqui tem algum item de auto loot
[28/06/2025 01:33:37] Bolzani: ALGUM GOD OU ADM ON?
[29/06/2025 11:19:02] Bob Esponja: alguem on
[29/06/2025 16:02:07] [Svip] Bolzani: algum adm on
[29/06/2025 17:49:44] Crazy Enopes: adm
[29/06/2025 18:06:19] Kaguya Otsutsuki: algum gm ou adm on?
[29/06/2025 18:07:36] Kaguya Otsutsuki: !fluy
[29/06/2025 18:09:14] Kaguya Otsutsuki: tô preso
[29/06/2025 22:02:17] Bob Esponja: !aol
[30/06/2025 22:47:26] The Viru's: gm on ?
[01/07/2025 10:35:20] Bessa Xucro: algum gm ou adm ai
[01/07/2025 10:35:22] Bessa Xucro: to preso
[01/07/2025 19:14:04] Extraordinary: da uyma arma
[01/07/2025 19:17:10] Extraordinary: adm
[01/07/2025 20:17:51] Extraordinary: admm
[01/07/2025 20:59:13] Extraordinary: TO TRAPADO KK
[02/07/2025 19:12:47] Sir Winchester: boa noite familia
[02/07/2025 20:34:17] Sir Winchester: e ai familia
[02/07/2025 20:40:45] Sir Winchester: !addon mage
[03/07/2025 14:21:12] Bessa Xucro: algum gm ai?
[03/07/2025 18:58:37] Pally Gs: boa noite
[03/07/2025 19:22:56] Brunin: a exp 7x dura quanto tempo?
[04/07/2025 11:27:39] Gresco Mage: alguém on
[04/07/2025 12:52:08] Gresco Pally: ad
[04/07/2025 12:52:11] Gresco Pally: ad
[04/07/2025 19:38:06] Amigo Do Admin: god?
[04/07/2025 20:06:15] Bago Solto: tem adm aqui?
[04/07/2025 22:13:50] Jvtim ed: tem autoloot?
[05/07/2025 00:24:53] Jvtim ed: 4
[05/07/2025 12:17:16] Gameplay Alexandre: ADM ON?
[05/07/2025 19:04:06] Gameplay Alexandre: adm on?
[05/07/2025 19:18:52] Gameplay Alexandre: ADM ONW
[05/07/2025 19:18:53] Gameplay Alexandre: ?
[06/07/2025 10:44:06] Gameplay Alexandre: ADM ON?
[06/07/2025 21:02:55] Imnesity Mittral: ai fudeuu
[07/07/2025 15:31:00] Gameplay Alexandre: ADM ON?
[07/07/2025 17:56:34] Ekdo loot: como eu uvejo quue meu doule exp ou 5x tta acabandno
[08/07/2025 11:51:07] Lord Zennity: Alguem on?
[08/07/2025 15:37:41] Imnesity Mittral: QUEST SUUPREME QUEM ANIMA
[09/07/2025 16:02:05] Gameplay Alexandre: ADM ON?
[09/07/2025 21:37:01] Gameplay Alexandre: ADM ON?
[11/07/2025 09:22:52] Morena: algm on ?
[11/07/2025 19:06:34] Kair Paurus: ADM
[12/07/2025 07:20:48] Marcolino: 66555UTAMO INA
