[30/06/2025 11:50:12] /ghost
[30/06/2025 11:56:02] /a 2
[30/06/2025 11:56:05] /a 2
[30/06/2025 11:56:30] /b HOJE 19:00 eventinho de bp!!! Fiquem ligados, HOJE as 19:00! Vou avisando proximo ao horario para ninguem perder!!
[30/06/2025 11:57:38] /b HOJE 19:00 eventinho de bp!!! Fiquem ligados, HOJE as 19:00! Vou avisando proximo ao horario para ninguem perder!!
[30/06/2025 11:59:51] /b HOJE 19:00 eventinho de bp!!! Fiquem ligados, HOJE as 19:00! Vou avisando proximo ao horario para ninguem perder!!
[30/06/2025 12:04:09] /b duvidas? podem me madar dm aqui que eu respondo!! BORA UPAR GALERAAAA
[30/06/2025 12:07:03] /b HOJE 19:00 eventinho de bp!!! Fiquem ligados, HOJE as 19:00! Vou avisando proximo ao horario para ninguem perder!!
[30/06/2025 12:11:11] /b HOJE 19:00 eventinho de bp!!! Fiquem ligados, HOJE as 19:00! Vou avisando proximo ao horario para ninguem perder!!
[30/06/2025 12:12:04] /ghost
[30/06/2025 12:12:16] /ghost
[30/06/2025 12:13:45] /t
[30/06/2025 12:14:00] /b HOJE 19:00 eventinho de bp!!! Fiquem ligados, HOJE as 19:00! Vou avisando proximo ao horario para ninguem perder!!
[30/06/2025 12:15:02] /a 
[30/06/2025 12:15:06] /a 50
[30/06/2025 12:15:11] /a 50
[30/06/2025 12:15:14] /a 10
[30/06/2025 12:15:15] /a 10
[30/06/2025 12:15:16] /a 10
[30/06/2025 12:15:18] /a 10
[30/06/2025 12:15:21] /a 10
[30/06/2025 12:15:21] /a 10
[30/06/2025 12:15:22] /a 10
[30/06/2025 12:15:24] /a 10
[30/06/2025 12:15:25] /a 10
[30/06/2025 12:20:20] /b HOJE 19:00 eventinho de bp!!! Fiquem ligados, HOJE as 19:00! Vou avisando proximo ao horario para ninguem perder!!
[30/06/2025 12:26:02] /b HOJE 19:00 eventinho de bp!!! Fiquem ligados, HOJE as 19:00! Vou avisando proximo ao horario para ninguem perder!!
[30/06/2025 12:26:38] /goto bob esponja
[30/06/2025 12:26:55] /goto pally mal
[30/06/2025 12:27:30] /a 20
[30/06/2025 12:27:31] /a 20
[30/06/2025 12:27:32] /a 20
[30/06/2025 12:27:32] /a 20
[30/06/2025 12:27:33] /a 20
[30/06/2025 12:27:33] /a 20
[30/06/2025 12:27:39] /a 20
[30/06/2025 12:27:39] /a 20
[30/06/2025 12:27:40] /a 20
[30/06/2025 12:27:42] /a 20
[30/06/2025 12:28:33] /goto adm
[30/06/2025 12:28:41] /goto pally mal
[30/06/2025 12:30:35] /goto pally mal
[30/06/2025 12:30:47] /goto marcolino
[30/06/2025 12:30:50] /t
[30/06/2025 12:34:42] /a 2
[30/06/2025 12:35:10] /a 2
[30/06/2025 12:35:15] /a 2
[30/06/2025 12:35:27] /a 2
[30/06/2025 12:35:30] /a 2
[30/06/2025 12:35:36] /a 2
[30/06/2025 12:35:46] /a 20
[30/06/2025 12:35:47] /a 20
[30/06/2025 12:35:47] /a 20
[30/06/2025 12:35:49] /a 20
[30/06/2025 12:35:50] /a 20
[30/06/2025 12:35:54] /a 20
[30/06/2025 12:35:54] /a 20
[30/06/2025 12:35:55] /a 20
[30/06/2025 12:35:56] /a 20
[30/06/2025 12:35:56] /a 20
[30/06/2025 12:36:00] /a 20
[30/06/2025 12:36:02] /a 2
[30/06/2025 12:36:06] /a 2
[30/06/2025 12:36:10] /a 2
[30/06/2025 12:36:12] /a 2
[30/06/2025 12:36:14] /a 2
[30/06/2025 12:36:15] /a 2
[30/06/2025 12:36:15] /a 2
[30/06/2025 12:36:16] /a 2
[30/06/2025 12:36:35] /a 2
[30/06/2025 12:36:55] /goto mage1
[30/06/2025 12:36:56] /goto mage
[30/06/2025 12:45:57] /b Hoje 19:00 evento de bp!!! FIQUEM LIGADOS
[30/06/2025 17:50:06] /b Evento bp hoje 19hrs!!! Fiquem atentos
[30/06/2025 17:51:25] /b Evento bp hoje 19hrs!!! Fiquem atentos
[30/06/2025 17:51:29] /goto pally mal
[30/06/2025 17:52:27] /a 2
[30/06/2025 17:52:56] /goto pally mal
[30/06/2025 17:53:00] /a 2
[30/06/2025 17:54:53] /goto cave1
[30/06/2025 17:54:55] /goto cave 1
[30/06/2025 17:55:13] /goto cave 2
[30/06/2025 17:55:15] /t
[30/06/2025 17:55:46] /a 3
[05/07/2025 00:54:52] /goto [svip] bolzani
[05/07/2025 01:03:17] /t
[05/07/2025 01:03:34] /goto [svip] bolzani
[05/07/2025 01:03:39] /t
[05/07/2025 10:32:11] /goto gameplay alexandre
[05/07/2025 10:32:16] /goto [svip] bolzani
[05/07/2025 10:32:20] /t
[05/07/2025 14:30:51] /t
[05/07/2025 14:35:55] /goto defurion
[05/07/2025 14:35:57] /t
[05/07/2025 14:36:05] /goto joyo's
[05/07/2025 14:36:21] /t
[05/07/2025 14:36:29] /goto gameplay alexandre
[05/07/2025 14:36:41] /t
[05/07/2025 15:30:18] /goto boss mutated pumpkin
[05/07/2025 15:30:33] /town 2
[05/07/2025 15:30:55] /goto destemido boss mutated pumpkin
[05/07/2025 15:31:08] /t
[05/07/2025 15:31:11] /t 2
[05/07/2025 15:31:15] /t 3
[05/07/2025 15:31:17] /t 4
[05/07/2025 16:42:21] /goto Kinshiki Otsutsuki
[05/07/2025 16:42:30] /goto Kaguya Otsutsuki
[05/07/2025 16:42:53] /t
[05/07/2025 16:49:06] /goto Kaguya Otsutsuki
[05/07/2025 16:49:15] /goto gameplay alexandre
[05/07/2025 16:49:20] /t
[05/07/2025 16:53:18] /cliport
[05/07/2025 16:55:23] /cliport
[05/07/2025 18:07:38] /t
[05/07/2025 18:08:21] /goto hardcore
[05/07/2025 18:08:24] /t
[05/07/2025 18:08:34] /a 10
[05/07/2025 18:08:36] /a 10
[05/07/2025 18:08:41] /a 10
[05/07/2025 18:08:42] /a 10]
[05/07/2025 18:08:44] /a 10
[05/07/2025 22:58:19] /goto paly loco
[05/07/2025 22:58:30] /goto osama
[05/07/2025 22:58:51] /goto vinil
[06/07/2025 00:00:22] /goto defurion
[06/07/2025 00:00:27] /t
[06/07/2025 08:56:20] /goto paly loco
[06/07/2025 08:56:23] /t
[06/07/2025 09:26:44] /goto pally loco
[06/07/2025 09:26:53] /goto paly loco
[06/07/2025 09:26:59] /t
[06/07/2025 18:10:58] /goto dumbledore
[06/07/2025 18:28:47] /goto joyo's
[07/07/2025 08:42:47] /goto marcolino
[07/07/2025 08:49:54] /goto [svip] bolznai
[08/07/2025 15:29:17] /goto jack
[08/07/2025 15:29:35] /goto adm
[08/07/2025 15:29:37] /t
[08/07/2025 15:32:08] /a 2
[08/07/2025 15:32:17] /a 10
[08/07/2025 15:32:19] /up
[08/07/2025 15:32:23] /a 10
[08/07/2025 15:32:24] /a 10
[08/07/2025 15:32:26] /a 10
[08/07/2025 15:32:26] /a 10
[08/07/2025 15:32:27] /a 10
[08/07/2025 15:32:27] /a 10
[08/07/2025 15:32:28] /a 10
[08/07/2025 15:32:34] /up
[08/07/2025 15:32:35] /up
[08/07/2025 15:32:38] /a 10
[08/07/2025 15:32:42] /c osama
[08/07/2025 15:32:43] /t
[08/07/2025 15:39:22] /goto Imnesity Mittral
[08/07/2025 15:47:49] /clean
[08/07/2025 15:48:47] /goto the mutated pumpkin
[08/07/2025 15:48:48] /goto the mutated pumpkin
[08/07/2025 15:48:49] /goto the mutated pumpkin
[08/07/2025 15:48:50] /goto the mutated pumpkin
[08/07/2025 15:48:50] /goto the mutated pumpkin
[08/07/2025 15:48:51] /goto the mutated pumpkin
[08/07/2025 15:48:52] /goto the mutated pumpkin
[08/07/2025 15:48:53] /goto the mutated pumpkin
[08/07/2025 15:48:54] /goto the mutated pumpkin
[08/07/2025 15:48:54] /goto the mutated pumpkin
[08/07/2025 15:48:55] /goto the mutated pumpkin
[08/07/2025 15:48:56] /goto the mutated pumpkin
[08/07/2025 15:48:57] /goto the mutated pumpkin
[08/07/2025 15:48:57] /goto the mutated pumpkin
[08/07/2025 15:48:58] /goto the mutated pumpkin
[08/07/2025 15:48:59] /goto the mutated pumpkin
[08/07/2025 15:49:00] /goto the mutated pumpkin
[08/07/2025 15:49:00] /goto the mutated pumpkin
[08/07/2025 15:49:01] /goto the mutated pumpkin
[08/07/2025 15:49:02] /goto the mutated pumpkin
[08/07/2025 15:49:03] /goto the mutated pumpkin
[08/07/2025 15:49:03] /goto the mutated pumpkin
