[30/06/2025 18:10:14] /a 2
[30/06/2025 18:11:56] /a 10
[30/06/2025 18:11:58] /a 10
[30/06/2025 18:11:59] /a 10
[30/06/2025 18:12:00] /a 10
[30/06/2025 18:12:00] /a 10
[30/06/2025 18:12:01] /a 10
[30/06/2025 18:12:05] /a 10
[30/06/2025 18:12:06] /a 10
[30/06/2025 18:12:07] /a 10
[30/06/2025 18:12:08] /a 10
[30/06/2025 18:12:09] /a 10
[30/06/2025 18:12:11] /a 10
[30/06/2025 18:12:12] /a 10
[30/06/2025 18:12:24] /a 10
[30/06/2025 18:12:25] /a 10
[30/06/2025 18:12:26] /a 10
[30/06/2025 18:12:28] /a 10]
[30/06/2025 18:12:29] /a 10]
[30/06/2025 18:12:30] /a 10
[30/06/2025 18:12:31] /a 10
[30/06/2025 18:12:34] /a 10
[30/06/2025 18:12:34] /a 10
[30/06/2025 18:12:35] /a 10
[30/06/2025 18:12:36] /a 10
[30/06/2025 18:13:02] /a 10
[30/06/2025 18:13:03] /a 10
[30/06/2025 18:13:04] /a 10
[30/06/2025 18:13:05] /a 10
[30/06/2025 18:13:06] /a 10
[30/06/2025 18:13:08] /a 10
[30/06/2025 18:13:08] /a 10
[30/06/2025 18:13:09] /a 10
[30/06/2025 18:13:10] /a 10
[30/06/2025 18:13:11] /a 10
[30/06/2025 18:13:14] /a 10]
[30/06/2025 18:13:21] /a 10
[30/06/2025 18:13:25] /a 20
[30/06/2025 18:13:29] /up
[30/06/2025 18:13:47] /up
[30/06/2025 18:13:48] /a 20
[30/06/2025 18:13:50] /a 50
[30/06/2025 18:13:52] /a 100
[30/06/2025 18:14:07] /a 100
[30/06/2025 18:14:08] /a 100
[30/06/2025 18:14:09] /a 100
[30/06/2025 18:14:14] /a 100
[30/06/2025 18:14:17] /a 50
[30/06/2025 18:14:20] /a 50
[30/06/2025 18:14:22] /a 50
[30/06/2025 18:14:27] /a 50
[30/06/2025 18:14:28] /a 50
[30/06/2025 18:14:29] /a 50
[30/06/2025 18:14:31] /a 50
[30/06/2025 18:14:32] /a 50
[30/06/2025 18:14:34] /a 100
[30/06/2025 18:14:40] /up
[30/06/2025 18:14:42] /up
[30/06/2025 18:14:44] /up
[30/06/2025 18:14:46] /up
[30/06/2025 18:14:48] /up
[30/06/2025 18:14:52] /up
[30/06/2025 18:14:54] /up
[30/06/2025 18:14:54] /up
[30/06/2025 18:15:04] /a 100
[30/06/2025 18:15:05] /a 100
[30/06/2025 18:15:08] /a 50
[30/06/2025 18:15:11] /a 50
[30/06/2025 18:15:18] /a 50
[30/06/2025 18:15:30] /a 2
[30/06/2025 18:15:53] /up
[30/06/2025 18:16:03] /a 4
[30/06/2025 18:16:10] /a 4
[30/06/2025 18:16:14] /a 4
[30/06/2025 18:16:20] /a 4
[30/06/2025 18:16:22] /a 4
[30/06/2025 18:16:29] /a 4
[30/06/2025 18:16:38] /a 5
[30/06/2025 18:16:46] /a 2
[30/06/2025 18:21:35] /goto pally mal
[30/06/2025 18:22:25] /a 5
[30/06/2025 18:22:49] /a 5
[30/06/2025 18:42:52] /goto GM
[30/06/2025 18:43:31] /a 10
[30/06/2025 18:43:31] /a 10
[30/06/2025 18:43:32] /a 10
[30/06/2025 18:43:36] /a 10
[30/06/2025 18:43:38] /a 5
[30/06/2025 18:43:39] /a 5
[30/06/2025 18:43:42] /a 2
[30/06/2025 18:43:44] /a 2
[30/06/2025 18:43:47] /a 2
[30/06/2025 18:43:50] /a 2
[30/06/2025 18:43:51] /t
[30/06/2025 19:45:12] /goto ADM
[30/06/2025 22:02:53] /b Ótima noite a todos! Dúvidas estou a disposição!
[30/06/2025 22:08:01] /b Ótima noite a todos! Dúvidas estou a disposição!
[30/06/2025 22:33:39] /goto adm
[30/06/2025 22:41:48] /goto vinil
[30/06/2025 22:42:00] /goto [Svip] vinil
[30/06/2025 22:42:21] /a 20
[30/06/2025 22:42:27] /a 5
[30/06/2025 22:42:29] /a 5
[30/06/2025 22:42:32] /a 5
[30/06/2025 22:42:36] /a 2
[30/06/2025 22:42:49] /a 10
[30/06/2025 22:42:50] /a 10
[30/06/2025 22:42:52] /a 10
[30/06/2025 22:42:53] /a 10
[30/06/2025 22:42:56] /a 10
[30/06/2025 22:42:58] /a 10
[30/06/2025 22:42:59] /a 10
[30/06/2025 22:43:03] /a 10
[30/06/2025 22:43:08] /a 10
[30/06/2025 22:43:10] /a 10
[30/06/2025 22:43:14] /a 10
[30/06/2025 22:43:24] /a 5
[30/06/2025 22:43:27] /a 6
[30/06/2025 22:43:31] /a 6
[30/06/2025 22:43:34] /a 5
[30/06/2025 22:43:38] /a 2
[30/06/2025 22:43:41] /a 3
[30/06/2025 22:43:55] /a 5
[30/06/2025 22:43:58] /a 5
[30/06/2025 22:44:00] /a 5
[30/06/2025 22:44:04] /a 3
[30/06/2025 22:44:11] /a 4
[30/06/2025 22:44:13] /a 5
[30/06/2025 22:44:15] /a 3
[30/06/2025 22:44:24] /a 4
[30/06/2025 22:44:29] /a 3
[30/06/2025 22:44:37] /a 7
[30/06/2025 22:44:39] /a 8
[30/06/2025 22:44:41] /a 9
[30/06/2025 22:44:43] /a 10
[30/06/2025 22:44:47] /a 7
[30/06/2025 22:44:48] /a 8
[30/06/2025 22:44:50] /a 9
[30/06/2025 22:44:52] /a 10
[30/06/2025 22:44:56] /a 6
[30/06/2025 22:44:58] /a 5
[30/06/2025 22:45:16] /up
[30/06/2025 22:45:19] /a 2
[30/06/2025 22:45:29] /a 2
[30/06/2025 22:45:30] /a 2
[30/06/2025 22:51:42] /a 2
[30/06/2025 22:51:49] /a 2
[30/06/2025 22:52:03] /a 2
[30/06/2025 22:52:22] /c gm
[30/06/2025 23:00:05] /a 2
[30/06/2025 23:00:09] /a 2
[30/06/2025 23:00:11] /a 2
[30/06/2025 23:00:16] /a 2
[30/06/2025 23:00:28] /a 2
[30/06/2025 23:00:37] /t
[30/06/2025 23:01:05] /a 2
[30/06/2025 23:01:08] /a 2
[30/06/2025 23:03:02] /ghost
[30/06/2025 23:03:10] /ghost
[30/06/2025 23:03:16] /goto gm
[01/07/2025 07:20:17] /goto lord paulistinha
[01/07/2025 07:20:45] /t
[01/07/2025 07:33:09] /goto marcolino
[01/07/2025 07:33:26] /t
[01/07/2025 07:35:08] /b Bom dia a todos, dúvidas estou a disposição
[01/07/2025 08:09:03] /b Bom dia a todos, dúvidas estou a disposição
[01/07/2025 08:09:47] /b Lembrete: Convidar amigos gera recompensas! Cada amigo que chamar a recompensa vai melhorando!! Aproveitem!
[01/07/2025 08:21:57] /b Lembrete: Convidar amigos gera recompensas! Cada amigo que chamar a recompensa vai melhorando!! Aproveitem!
[01/07/2025 08:57:29] /goto [Svip] Bolzani
[01/07/2025 08:57:50] /goto [Svip] Bolzani
[01/07/2025 08:57:53] /goto [Svip] Bolzani
[01/07/2025 08:57:54] /goto [Svip] Bolzani
[01/07/2025 08:57:56] /goto [Svip] Bolzani
[01/07/2025 08:57:57] /goto [Svip] Bolzani
[01/07/2025 08:57:58] /goto [Svip] Bolzani
[01/07/2025 08:58:00] /goto [Svip] Bolzani
[01/07/2025 08:58:33] /goto [Svip] Bolzani
[01/07/2025 08:58:57] /a 5
[01/07/2025 08:58:58] /a 5
[01/07/2025 09:04:49] /goto gm
[01/07/2025 09:04:51] /goto adm
[01/07/2025 09:06:28] /goto [Svip] Bolzani
[01/07/2025 09:06:47] /a 10
[01/07/2025 09:06:48] /a 10
[01/07/2025 09:06:50] /a 10
[01/07/2025 09:06:51] /a 10
[01/07/2025 09:06:51] /a 10
[01/07/2025 09:06:52] /a 10
[01/07/2025 09:06:53] /a 10
[01/07/2025 09:06:54] /a 10
[01/07/2025 09:06:54] /a 10
[01/07/2025 09:06:54] /a 10
[01/07/2025 09:06:55] /a 10
[01/07/2025 09:06:56] /a 10
[01/07/2025 09:06:56] /a 10
[01/07/2025 09:06:57] /a 10
[01/07/2025 09:07:02] /a 10
[01/07/2025 09:07:02] /a 10
[01/07/2025 09:07:03] /a 10
[01/07/2025 09:07:03] /a 10
[01/07/2025 09:07:04] /a 10
[01/07/2025 09:07:04] /a 10
[01/07/2025 09:07:29] /a 10
[01/07/2025 09:07:30] /a 10
[01/07/2025 09:07:32] /a 10
[01/07/2025 09:07:42] /goto zoralurk
[01/07/2025 09:07:44] /a 2
[01/07/2025 09:07:47] /a 2
[01/07/2025 09:07:48] /goto zoralurk
[01/07/2025 09:07:50] /goto zoralurk
[01/07/2025 09:07:51] /goto zoralurk
[01/07/2025 09:07:54] /goto zoralurk
[01/07/2025 09:07:56] /goto zoralurk
[01/07/2025 09:08:00] /a 5
[01/07/2025 09:08:03] /a 5
[01/07/2025 09:08:05] /a 2
[01/07/2025 09:08:07] /a 5
[01/07/2025 09:08:09] /a 5
[01/07/2025 09:08:10] /a 5
[01/07/2025 09:08:11] /a 5
[01/07/2025 09:08:12] /a 5
[01/07/2025 09:08:13] /a 5
[01/07/2025 09:08:14] /a 5
[01/07/2025 09:08:16] /a 5
[01/07/2025 09:08:17] /a 5
[01/07/2025 09:08:18] /a 5
[01/07/2025 09:08:19] /a 2
[01/07/2025 09:08:21] /a 5
[01/07/2025 09:08:23] /up
[01/07/2025 09:08:24] /up
[01/07/2025 09:08:27] /a 20
[01/07/2025 09:08:29] /t
[01/07/2025 09:50:42] /goto supreme grimreaper
[01/07/2025 09:50:47] /goto supreme grim reaper
[01/07/2025 09:50:53] /a 20
[01/07/2025 09:50:58] /a 5
[01/07/2025 09:51:00] /up
[01/07/2025 09:51:08] /a 5
[01/07/2025 09:51:09] /a 5
[01/07/2025 09:51:09] /a 5
[01/07/2025 09:51:10] /a 5
[01/07/2025 09:51:12] /a 5
[01/07/2025 09:51:12] /a 5
[01/07/2025 09:51:13] /a 5
[01/07/2025 09:51:16] /up
[01/07/2025 09:51:18] /up
[01/07/2025 09:51:20] /a 5
[01/07/2025 09:51:23] /a 5
[01/07/2025 11:53:02] /b Bom dia a todos! Duvidas estou a disposição
[01/07/2025 11:53:04] /t
[01/07/2025 11:54:02] /b Convidem os amigos, mandem para seus grupos, trouxe amigo ganha recompensa!!
[01/07/2025 11:55:39] /goto [Svip] Bolzani
[01/07/2025 11:55:43] /c gm
[01/07/2025 11:56:20] /t
[01/07/2025 11:56:22] /c gm
[01/07/2025 12:05:38] /b Convidem os amigos, mandem para seus grupos, trouxe amigo ganha recompensa!!
[01/07/2025 12:08:46] /b Convidem os amigos, mandem para seus grupos, trouxe amigo ganha recompensa!!  - Invite your friends, send it to your groups, bring a friend and get a reward!!
[01/07/2025 12:10:03] /goto dumbledore
[01/07/2025 12:10:08] /t
[01/07/2025 12:10:28] /b Convidem os amigos, mandem para seus grupos, trouxe amigo ganha recompensa!!  - Invite your friends, send it to your groups, bring a friend and get a reward!!
[01/07/2025 12:12:40] /b Convidem os amigos, mandem para seus grupos, trouxe amigo ganha recompensa!!  - Invite your friends, send it to your groups, bring a friend and get a reward!!
[01/07/2025 12:41:56] /goto Lord Paulistinha
[01/07/2025 12:42:30] /goto dumbledore
[01/07/2025 12:42:33] /ghost
[01/07/2025 12:42:35] /ghost
[01/07/2025 12:43:15] /kick chevrolet
[01/07/2025 12:43:17] /t
[01/07/2025 12:43:51] /b Convidem os amigos, mandem para seus grupos, trouxe amigo ganha recompensa!!  - Invite your friends, send it to your groups, bring a friend and get a reward!!
[01/07/2025 12:46:29] /b Convidem os amigos, mandem para seus grupos, trouxe amigo ganha recompensa!!  - Invite your friends, send it to your groups, bring a friend and get a reward!!
[01/07/2025 12:47:29] /kick chevrolet
[01/07/2025 12:50:37] /a 20
[01/07/2025 12:50:39] /a 20
[01/07/2025 12:50:43] /c chevrolet
[01/07/2025 12:51:02] /a 5
[01/07/2025 12:51:04] /a 5
[01/07/2025 12:51:07] /c chevrolet
[01/07/2025 12:51:11] /c chevrolet
[01/07/2025 12:51:22] /ghost
[01/07/2025 12:51:58] /kick chevrolet
[01/07/2025 12:52:03] /kick chevrolet
[01/07/2025 12:52:05] /kick chevrolet
[01/07/2025 12:52:07] /kick chevrolet
[01/07/2025 12:52:11] /kick chevrolet
[01/07/2025 12:52:16] /c chevrolet
[01/07/2025 12:52:18] /c chevrolet
[01/07/2025 12:52:19] /c chevrolet
[01/07/2025 12:52:20] /c chevrolet
[01/07/2025 12:52:21] /c chevrolet
[01/07/2025 12:52:21] /c chevrolet
[01/07/2025 12:52:22] /c chevrolet
[01/07/2025 12:52:23] /c chevrolet
[01/07/2025 12:52:27] /c chevrolet
[01/07/2025 12:52:28] /c chevrolet
[01/07/2025 12:53:11] /ghost
[01/07/2025 12:53:12] /a 2
[01/07/2025 12:53:31] /kick chevrolet
[01/07/2025 12:53:37] /kick chevrolet
[01/07/2025 12:53:47] /kick chevrolet
[01/07/2025 12:54:01] /kick chevrolet
[01/07/2025 12:54:28] /b Convidem os amigos, mandem para seus grupos, trouxe amigo ganha recompensa!!  - Invite your friends, send it to your groups, bring a friend and get a reward!!
[01/07/2025 12:58:03] /goto gameplay alexandre
[01/07/2025 12:58:11] /t
[01/07/2025 12:59:20] /a 2
[01/07/2025 12:59:25] /a 2
[01/07/2025 13:07:44] /goto dumbledore
[01/07/2025 13:08:04] /goto [svip] Crazy Enopes
[01/07/2025 16:57:33] /goto dumbledore
[01/07/2025 16:57:34] /t
[01/07/2025 17:12:42] /clean
[01/07/2025 17:19:16] /a 5
[01/07/2025 17:19:17] /a 5
[01/07/2025 17:19:39] /goto knight mover
[01/07/2025 17:19:57] /a 2
[01/07/2025 17:21:00] /goto jack
[01/07/2025 17:21:13] /goto bessa xucro
[01/07/2025 17:21:32] /goto dumbledore
[01/07/2025 17:21:42] /t
[01/07/2025 17:57:35] /goto pally mal
[01/07/2025 17:57:44] /t
[01/07/2025 18:07:13] /goto pally mal
[01/07/2025 18:07:31] /c [Svip] Vinil
[01/07/2025 18:18:00] /goto pally mal
[01/07/2025 18:18:19] /c [svip] Vinil
[01/07/2025 18:19:39] /goto pally mal
[01/07/2025 18:19:51] /c [svip] Vinil
[01/07/2025 18:19:58] /c [svip] Vinil
[01/07/2025 18:27:15] /goto pallymal
[01/07/2025 18:27:17] /goto pally mal
[01/07/2025 18:27:27] /c [svip] Vinil
[01/07/2025 18:33:15] /t
[01/07/2025 18:41:40] /goto pally mal
[01/07/2025 18:41:56] /t
[01/07/2025 18:42:01] /goto pally mal
[01/07/2025 18:42:03] /t
[01/07/2025 18:42:29] /goto pally mal
[01/07/2025 18:42:33] /a 10
[01/07/2025 18:42:35] /a 10
[01/07/2025 18:42:36] /a 10
[01/07/2025 18:42:37] /a 10
[01/07/2025 18:42:38] /a 10
[01/07/2025 18:42:38] /a 10
[01/07/2025 18:42:39] /a 10
[01/07/2025 18:42:39] /a 10
[01/07/2025 18:42:40] /a 10
[01/07/2025 18:42:40] /a 10
[01/07/2025 18:42:41] /a 10
[01/07/2025 18:42:42] /a 10
[01/07/2025 18:42:43] /a 10
[01/07/2025 18:42:44] /a 10
[01/07/2025 18:42:45] /a 10
[01/07/2025 18:42:46] /a 10
[01/07/2025 18:42:47] /a 10
[01/07/2025 18:42:47] /a 10
[01/07/2025 18:42:48] /a 10
[01/07/2025 18:42:50] /a 10
[01/07/2025 18:42:50] /a 10
[01/07/2025 18:42:51] /a 10
[01/07/2025 18:43:29] /goto gm
[01/07/2025 18:43:59] /goto pally mal
[01/07/2025 18:44:17] /a 10
[01/07/2025 18:44:18] /a 10
[01/07/2025 18:44:19] /a 10
[01/07/2025 18:44:20] /a 10
[01/07/2025 18:44:21] /a 10
[01/07/2025 18:44:21] /a 10
[01/07/2025 18:44:22] /a 10
[01/07/2025 18:44:22] /a 10
[01/07/2025 18:44:23] /a 10
[01/07/2025 18:44:23] /a 10
[01/07/2025 18:44:24] /a 10
[01/07/2025 18:44:24] /a 10
[01/07/2025 18:44:24] /a 10
[01/07/2025 18:44:25] /a 10
[01/07/2025 18:44:25] /a 10
[01/07/2025 18:44:26] /a 10
[01/07/2025 18:44:27] /a 10
[01/07/2025 18:44:28] /a 10
[01/07/2025 18:44:29] /a 10
[01/07/2025 18:44:30] /a 10
[01/07/2025 18:44:31] /a 10
[01/07/2025 18:44:32] /a 10
[01/07/2025 18:44:34] /a 5
[01/07/2025 18:44:37] /a 5
[01/07/2025 18:44:38] /a 5
[01/07/2025 18:44:39] /a 10
[01/07/2025 18:44:40] /a 10
[01/07/2025 18:44:41] /a 10
[01/07/2025 18:44:41] /a 10
[01/07/2025 18:44:42] /a 10
[01/07/2025 18:44:42] /a 10
[01/07/2025 18:44:49] /c [svip] vinil
[01/07/2025 18:47:36] /goto [svip] bolzani
[01/07/2025 18:49:08] /a 10
[01/07/2025 18:49:10] /a 10
[01/07/2025 18:49:11] /a 10
[01/07/2025 18:49:11] /a 10
[01/07/2025 18:49:12] /a 10
[01/07/2025 18:49:12] /a 10
[01/07/2025 18:49:15] /a 3
[01/07/2025 18:53:58] /goto pally mal
[01/07/2025 18:56:03] /t
[01/07/2025 18:58:06] /goto pally mal
[01/07/2025 18:58:58] /goto pally mal
[01/07/2025 19:00:16] /goto pally mal
[01/07/2025 19:00:23] /a 10
[01/07/2025 19:00:23] /a 10
[01/07/2025 19:00:24] /a 10
[01/07/2025 19:00:25] /a 10
[01/07/2025 19:00:25] /a 10
[01/07/2025 19:00:26] /a 10
[01/07/2025 19:00:47] /goto pally mal
[01/07/2025 19:04:59] /c [svip] vinil
[01/07/2025 19:05:55] /c osama
[01/07/2025 19:06:39] /t
[01/07/2025 19:09:07] /goto dumbledore
[01/07/2025 19:11:47] /goto gm
[01/07/2025 19:11:47] /t
[01/07/2025 19:13:07] /up
[01/07/2025 19:17:14] /goto [svip] bolzani
[01/07/2025 19:17:32] /goto [Svip] Bolzani
[01/07/2025 19:17:37] /a 2
[01/07/2025 19:17:44] /goto [svip] bolzani
[01/07/2025 19:17:47] /goto gm
[01/07/2025 19:17:52] /goto pally mal
[01/07/2025 19:18:13] /goto guizinho
[01/07/2025 19:18:22] /a 1
[01/07/2025 19:23:09] /t
[01/07/2025 19:23:18] /goto guizinho
[01/07/2025 23:16:03] /goto [svip] ozama
[01/07/2025 23:17:59] /goto [svip] ozama
[01/07/2025 23:19:37] /goto [svip] bolzani
[01/07/2025 23:22:18] /goto [svip] vinil
[01/07/2025 23:22:20] /up
[01/07/2025 23:22:27] /up
[01/07/2025 23:22:29] /down
[02/07/2025 09:16:21] /goto cave 1
[02/07/2025 09:16:26] /goto cave 5
[02/07/2025 09:16:29] /goto cave 6
[02/07/2025 09:16:56] /c [svip] vinil
[02/07/2025 10:28:05] /goto Super demon up
[02/07/2025 10:28:10] /goto Superup demon
[02/07/2025 10:28:13] /goto Super demon
[02/07/2025 10:28:21] /goto superup hydra
[02/07/2025 10:28:25] /goto super hydra
[02/07/2025 10:28:28] /a 2
[02/07/2025 10:28:41] /goto fusion demon
[02/07/2025 10:28:45] /goto fusion
[02/07/2025 10:28:49] /goto demon fusion
[02/07/2025 10:28:56] /goto fusion hydra
[02/07/2025 10:29:00] /goto hydra fusion
[02/07/2025 10:31:23] /squelch
[02/07/2025 10:31:27] /squelch
[02/07/2025 10:31:34] /cliport
[02/07/2025 10:33:09] /cliport
[02/07/2025 10:33:16] /wp
[02/07/2025 10:33:28] /town
[02/07/2025 10:33:31] /town
[02/07/2025 10:33:34] /town 1
[02/07/2025 10:33:36] /town 2
[02/07/2025 10:33:48] /town 2
[02/07/2025 10:34:04] /town 3
[02/07/2025 10:34:06] /town 4
[02/07/2025 10:34:09] /t
[02/07/2025 10:34:26] /notations
[02/07/2025 10:34:29] /notations 1
[02/07/2025 10:34:36] /notations simos
[02/07/2025 10:35:42] /cliport
[02/07/2025 10:37:40] /pos
[02/07/2025 10:40:09] /goto [Svip] Comandante Da Mort
[02/07/2025 10:40:18] /goto [Svip] Comandante Da Morte
[02/07/2025 10:41:27] /a 5
[02/07/2025 10:41:29] /up
[02/07/2025 10:41:36] /a 5
[02/07/2025 10:41:37] /a 10
[02/07/2025 10:41:39] /a 10
[02/07/2025 10:42:09] /down
[02/07/2025 10:42:17] /a 20
[02/07/2025 10:42:23] /a 3
[02/07/2025 10:42:27] /a 3
[02/07/2025 10:42:37] /a 5
[02/07/2025 10:43:01] /clean
[02/07/2025 10:43:04] /t
[02/07/2025 10:43:47] /a 50
[02/07/2025 10:43:49] /a 100
[02/07/2025 10:43:51] /a 15
[02/07/2025 10:43:54] /a 150
[02/07/2025 10:43:56] /a 200
[02/07/2025 10:44:01] /a 100
[02/07/2025 10:44:02] /a 100
[02/07/2025 10:44:04] /a 150
[02/07/2025 10:44:06] /a 30
[02/07/2025 10:44:16] /a 200
[02/07/2025 10:44:19] /a 100
[02/07/2025 10:44:22] /a 250
[02/07/2025 10:44:24] /a 300
[02/07/2025 10:44:28] /a 80
[02/07/2025 10:44:33] /a 30
[02/07/2025 10:44:37] /a 50
[02/07/2025 10:44:38] /a 40
[02/07/2025 10:44:41] /a 90
[02/07/2025 10:44:42] /a 100
[02/07/2025 10:44:45] /a 150
[02/07/2025 10:44:48] /a 1500
[02/07/2025 10:44:51] /a 300
[02/07/2025 10:45:02] /a 100
[02/07/2025 10:45:18] /a 50
[02/07/2025 10:45:19] /a 30
[02/07/2025 10:45:21] /a 20
[02/07/2025 10:45:23] /a 100
[02/07/2025 10:45:58] /c [svip] vinil
[02/07/2025 10:46:11] /goto supreme pirate
[02/07/2025 10:46:14] /goto supreme pirata
[02/07/2025 10:46:35] /c [svip] vinil
[02/07/2025 10:47:27] /goto lord frost dragon
[02/07/2025 10:48:10] /a 10
[02/07/2025 10:48:10] /a 50
[02/07/2025 10:48:11] /a 200
[02/07/2025 10:48:13] /a 400
[02/07/2025 10:48:15] /a 500
[02/07/2025 10:48:28] /a 2
[02/07/2025 10:48:45] /a 2
[02/07/2025 10:48:48] /a 4
[02/07/2025 10:48:50] /a 4
[02/07/2025 10:48:50] /a 4
[02/07/2025 10:48:51] /a 4
[02/07/2025 10:48:51] /a 4
[02/07/2025 10:48:52] /a 4
[02/07/2025 10:48:52] /a 4
[02/07/2025 10:48:54] /a 4
[02/07/2025 10:48:56] /a 4
[02/07/2025 10:48:57] /a 4
[02/07/2025 10:48:57] /a 4
[02/07/2025 10:48:58] /a 4
[02/07/2025 10:48:58] /a 4
[02/07/2025 10:48:59] /a 10
[02/07/2025 10:49:00] /a 10
[02/07/2025 10:49:00] /a 10
[02/07/2025 10:49:02] /a 10
[02/07/2025 10:49:02] /a 10
[02/07/2025 10:49:02] /a 10
[02/07/2025 10:49:03] /a 10
[02/07/2025 10:49:03] /a 10
[02/07/2025 10:49:03] /a 10
[02/07/2025 10:49:04] /a 10
[02/07/2025 10:49:04] /a 10
[02/07/2025 10:49:04] /a 10
[02/07/2025 10:49:04] /a 10
[02/07/2025 10:49:06] /a 10
[02/07/2025 10:49:06] /a 10
[02/07/2025 10:49:07] /a 10
[02/07/2025 10:49:07] /a 10
[02/07/2025 10:49:07] /a 10
[02/07/2025 10:49:07] /a 10
[02/07/2025 10:49:07] /a 10
[02/07/2025 10:49:09] /a 10
[02/07/2025 10:49:09] /a 10
[02/07/2025 10:49:09] /a 10
[02/07/2025 10:49:10] /a 10
[02/07/2025 10:49:10] /a 10
[02/07/2025 10:49:10] /a 10
[02/07/2025 10:49:10] /a 10
[02/07/2025 10:49:10] /a 10
[02/07/2025 10:49:13] /a 10
[02/07/2025 10:49:13] /a 10
[02/07/2025 10:49:13] /a 10
[02/07/2025 10:49:15] /a 10
[02/07/2025 10:49:15] /a 10
[02/07/2025 10:49:15] /a 10
[02/07/2025 10:49:17] /a 10
[02/07/2025 10:49:17] /a 10
[02/07/2025 10:49:19] /a 10
[02/07/2025 10:49:20] /a 10
[02/07/2025 10:49:21] /a 10
[02/07/2025 10:49:21] /a 10
[02/07/2025 10:49:21] /a 10
[02/07/2025 10:49:21] /a 10
[02/07/2025 10:49:23] /a 10
[02/07/2025 10:49:23] /a 10
[02/07/2025 10:49:23] /a 10
[02/07/2025 10:49:23] /a 10
[02/07/2025 10:49:24] /a 50
[02/07/2025 10:49:24] /a 200
[02/07/2025 10:49:26] /a 10
[02/07/2025 10:49:31] /a 10
[02/07/2025 10:49:31] /a 10
[02/07/2025 10:49:32] /a 10
[02/07/2025 10:49:32] /a 10
[02/07/2025 10:49:33] /a 10
[02/07/2025 10:49:34] /a 10
[02/07/2025 10:49:34] /a 10
[02/07/2025 10:49:35] /a 10
[02/07/2025 10:49:36] /a 10
[02/07/2025 10:49:36] /a 10
[02/07/2025 10:49:37] /a 10
[02/07/2025 10:49:37] /a 10
[02/07/2025 10:49:37] /a 10
[02/07/2025 10:49:37] /a 10
[02/07/2025 10:49:37] /a 10
[02/07/2025 10:49:37] /a 10
[02/07/2025 10:49:38] /a 10
[02/07/2025 10:49:39] /a 50
[02/07/2025 10:49:39] /a 200
[02/07/2025 10:49:41] /a 500
[02/07/2025 10:49:44] /a 1000
[02/07/2025 10:49:45] /a 1000
[02/07/2025 10:49:47] /a 1000
[02/07/2025 10:49:48] /a 1000
[02/07/2025 10:49:49] /a 50
[02/07/2025 10:49:51] /a 50
[02/07/2025 10:49:52] /a 10
[02/07/2025 10:49:52] /a 10
[02/07/2025 10:49:52] /a 10
[02/07/2025 10:49:52] /a 10
[02/07/2025 10:49:53] /a 10
[02/07/2025 10:49:53] /a 10
[02/07/2025 10:49:53] /a 10
[02/07/2025 10:49:53] /a 10
[02/07/2025 10:49:54] /a 10
[02/07/2025 10:49:55] /a 50
[02/07/2025 10:49:57] /a 10
[02/07/2025 10:49:57] /a 10
[02/07/2025 10:49:58] /a 10
[02/07/2025 10:49:59] /a 10
[02/07/2025 10:49:59] /a 10
[02/07/2025 10:49:59] /a 50
[02/07/2025 10:49:59] /a 50
[02/07/2025 10:50:01] /a 10
[02/07/2025 10:50:01] /a 10
[02/07/2025 10:50:01] /a 10
[02/07/2025 10:50:02] /a 10
[02/07/2025 10:50:02] /a 10
[02/07/2025 10:50:02] /a 10
[02/07/2025 10:50:07] /a 50
[02/07/2025 10:50:07] /a 10
[02/07/2025 10:50:07] /a 10
[02/07/2025 10:50:08] /a 10
[02/07/2025 10:50:08] /a 10
[02/07/2025 10:50:09] /a 10
[02/07/2025 10:50:10] /a 10
[02/07/2025 10:50:10] /a 10
[02/07/2025 10:50:10] /a 10
[02/07/2025 10:50:10] /a 10
[02/07/2025 10:50:11] /a 10
[02/07/2025 10:50:11] /a 10
[02/07/2025 10:50:11] /a 10
[02/07/2025 10:50:11] /a 200
[02/07/2025 10:50:13] /a 10
[02/07/2025 10:50:13] /a 10
[02/07/2025 10:50:14] /a 10
[02/07/2025 10:50:18] /a 10
[02/07/2025 10:50:20] /a 10
[02/07/2025 10:50:20] /a 10
[02/07/2025 10:50:22] /a 10
[02/07/2025 10:50:22] /a 10
[02/07/2025 10:50:23] /a 10
[02/07/2025 10:50:23] /a 10
[02/07/2025 10:50:23] /a 10
[02/07/2025 10:50:31] /a 2
[02/07/2025 10:50:43] /goto king dragon ice
[02/07/2025 10:50:56] /c [svip] vinil
[02/07/2025 10:51:19] /goto supreme pirata
[02/07/2025 10:51:32] /c [svip] vinil
[02/07/2025 10:51:48] /a 10
[02/07/2025 10:51:49] /a 10
[02/07/2025 10:51:51] /t
[02/07/2025 10:53:46] /goto
[02/07/2025 10:53:46] /a 50
[02/07/2025 10:53:50] /a 2
[02/07/2025 10:53:52] /up
[02/07/2025 10:54:35] /a 2
[02/07/2025 10:54:38] /down
[02/07/2025 10:56:11] /cliport
[02/07/2025 10:56:37] /cliport
[02/07/2025 10:56:55] /a 10
[02/07/2025 10:56:57] /a 10
[02/07/2025 10:56:58] /a 10
[02/07/2025 10:56:59] /a 10
[02/07/2025 10:56:59] /a 10
[02/07/2025 10:57:00] /a 50
[02/07/2025 10:57:01] /a 50
[02/07/2025 10:57:01] /a 10
[02/07/2025 10:57:02] /a 10
[02/07/2025 10:57:03] /a 10
[02/07/2025 10:57:04] /a 10
[02/07/2025 10:57:04] /a 10
[02/07/2025 10:57:05] /a 10
[02/07/2025 10:57:06] /a 10
[02/07/2025 10:57:07] /a 10
[02/07/2025 10:57:07] /a 10
[02/07/2025 10:57:08] /a 10
[02/07/2025 10:57:09] /a 10
[02/07/2025 10:57:09] /a 10
[02/07/2025 10:57:10] /a 10
[02/07/2025 10:57:11] /a 10
[02/07/2025 10:57:13] /up
[02/07/2025 10:57:15] /a 10
[02/07/2025 10:57:18] /a 10
[02/07/2025 10:57:20] /up
[02/07/2025 10:57:23] /up
[02/07/2025 10:57:26] /a 2
[02/07/2025 10:57:34] /down
[02/07/2025 10:57:35] /down
[02/07/2025 10:57:36] /down
[02/07/2025 10:57:37] /down
[02/07/2025 10:57:37] /a 10
[02/07/2025 10:57:38] /a 50
[02/07/2025 10:57:39] /a 200
[02/07/2025 10:57:41] /a 500
[02/07/2025 10:57:45] /a 500
[02/07/2025 10:57:46] /a 500
[02/07/2025 10:57:47] /a 500
[02/07/2025 10:57:48] /a 500
[02/07/2025 10:57:50] /a 1000
[02/07/2025 10:57:52] /a 1000
[02/07/2025 10:57:53] /a 1000
[02/07/2025 10:57:54] /a 1000
[02/07/2025 10:57:55] /t
[02/07/2025 10:58:12] /wp
[02/07/2025 10:59:18] /a 10
[02/07/2025 10:59:18] /a 50
[02/07/2025 10:59:18] /a 200
[02/07/2025 10:59:21] /a 500
[02/07/2025 10:59:23] /a 5000
[02/07/2025 10:59:26] /a 1000
[02/07/2025 10:59:29] /a 1000
[02/07/2025 10:59:31] /a 500
[02/07/2025 10:59:32] /a 5000
[02/07/2025 10:59:34] /a 50
[02/07/2025 10:59:36] /a 50
[02/07/2025 10:59:38] /a 10
[02/07/2025 10:59:39] /a 10
[02/07/2025 10:59:39] /a 10
[02/07/2025 10:59:40] /a 10
[02/07/2025 10:59:41] /a 10
[02/07/2025 10:59:41] /a 10
[02/07/2025 10:59:42] /a 50
[02/07/2025 10:59:45] /a 10
[02/07/2025 10:59:48] /a 10
[02/07/2025 10:59:48] /a 10
[02/07/2025 10:59:49] /a 10
[02/07/2025 10:59:50] /a 10
[02/07/2025 10:59:50] /a 10
[02/07/2025 10:59:51] /a 10
[02/07/2025 10:59:51] /a 10
[02/07/2025 10:59:51] /a 10
[02/07/2025 10:59:52] /a 10
[02/07/2025 10:59:52] /a 10
[02/07/2025 10:59:53] /a 10
[02/07/2025 10:59:53] /a 10
[02/07/2025 10:59:53] /a 10
[02/07/2025 10:59:57] /a 10
[02/07/2025 10:59:59] /a 10
[02/07/2025 11:00:00] /a 10
[02/07/2025 11:00:00] /a 10
[02/07/2025 11:00:01] /a 10
[02/07/2025 11:00:01] /a 10
[02/07/2025 11:00:04] /a 10
[02/07/2025 11:00:04] /a 10
[02/07/2025 11:00:05] /a 10
[02/07/2025 11:00:06] /up
[02/07/2025 11:00:08] /a 50
[02/07/2025 11:00:10] /up
[02/07/2025 11:00:11] /up
[02/07/2025 11:00:12] /a 10
[02/07/2025 11:00:13] /a 10
[02/07/2025 11:00:15] /a 10
[02/07/2025 11:00:16] /up
[02/07/2025 11:00:17] /a 10
[02/07/2025 11:00:18] /a 50
[02/07/2025 11:00:22] /a 10
[02/07/2025 11:00:23] /a 10
[02/07/2025 11:00:24] /a 10
[02/07/2025 11:00:24] /a 10
[02/07/2025 11:00:25] /a 10
[02/07/2025 11:00:26] /a 10
[02/07/2025 11:00:26] /a 10
[02/07/2025 11:00:27] /a 10
[02/07/2025 11:00:27] /a 10
[02/07/2025 11:00:27] /a 10
[02/07/2025 11:00:27] /a 10
[02/07/2025 11:00:30] /a 10
[02/07/2025 11:00:58] /a 10
[02/07/2025 11:00:58] /a 10
[02/07/2025 11:00:59] /a 10
[02/07/2025 11:00:59] /a 10
[02/07/2025 11:00:59] /a 50
[02/07/2025 11:01:01] /a 10
[02/07/2025 11:01:01] /a 10
[02/07/2025 11:01:02] /a 10
[02/07/2025 11:01:02] /a 50
[02/07/2025 11:01:03] /a 200
[02/07/2025 11:01:05] /a 10
[02/07/2025 11:01:06] /a 10
[02/07/2025 11:01:07] /a 10
[02/07/2025 11:01:07] /a 10
[02/07/2025 11:01:08] /a 10
[02/07/2025 11:01:09] /a 10
[02/07/2025 11:01:09] /a 10
[02/07/2025 11:01:09] /a 10
[02/07/2025 11:01:10] /a 10
[02/07/2025 11:01:12] /a 10
[02/07/2025 11:01:13] /a 10
[02/07/2025 11:01:13] /a 10
[02/07/2025 11:01:14] /a 10
[02/07/2025 11:01:14] /a 10
[02/07/2025 11:01:15] /a 10
[02/07/2025 11:01:16] /a 50
[02/07/2025 11:01:17] /a 50
[02/07/2025 11:01:19] /a 10
[02/07/2025 11:01:20] /a 10
[02/07/2025 11:01:20] /a 50
[02/07/2025 11:01:21] /a 10
[02/07/2025 11:01:22] /a 50
[02/07/2025 11:01:23] /a 200
[02/07/2025 11:01:23] /a 200
[02/07/2025 11:01:25] /a 200
[02/07/2025 11:01:25] /a 50
[02/07/2025 11:01:26] /a 10
[02/07/2025 11:01:28] /a 200
[02/07/2025 11:01:33] /a 200
[02/07/2025 11:01:37] /a 200
[02/07/2025 11:01:37] /a 200
[02/07/2025 11:01:38] /a 200
[02/07/2025 11:01:38] /a 200
[02/07/2025 11:09:28] /t
[02/07/2025 11:09:42] /cliport
[02/07/2025 12:16:55] /goto chevrolet
[02/07/2025 12:17:03] /kick chevrolet
[02/07/2025 12:17:47] /kick chevrolet
[02/07/2025 12:18:27] /kick chevrolet
[02/07/2025 14:35:45] /goto spacefoox
[02/07/2025 16:03:51] /goto kbgrau
[02/07/2025 16:04:03] /goto kbgrau
[02/07/2025 16:05:35] /t
[02/07/2025 16:05:37] /goto kbgrau
[02/07/2025 16:05:40] /goto kbgrau
[02/07/2025 16:05:41] /goto kbgrau
[02/07/2025 16:06:11] /a 10
[02/07/2025 16:06:11] /a 10
[02/07/2025 16:06:11] /a 10
[02/07/2025 16:06:12] /a 10
[02/07/2025 16:06:12] /a 10
[02/07/2025 16:06:12] /a 10
[02/07/2025 16:06:12] /a 10
[02/07/2025 16:06:13] /a 50
[02/07/2025 16:06:15] /a 10
[02/07/2025 16:06:54] /goto kbgrau
[02/07/2025 16:06:56] /goto kbgrau
[02/07/2025 16:43:54] /a 10
[02/07/2025 16:43:54] /a 10
[02/07/2025 16:43:55] /a 10
[02/07/2025 16:43:55] /a 10
[02/07/2025 16:43:55] /a 10
[02/07/2025 16:43:55] /a 10
[02/07/2025 16:43:56] /a 10
[02/07/2025 16:43:56] /a 50
[02/07/2025 16:43:57] /a 50
[02/07/2025 16:43:58] /a 50
[02/07/2025 16:44:01] /a 10
[02/07/2025 16:44:09] /a 10
[02/07/2025 16:44:09] /a 10
[02/07/2025 16:44:10] /a 10
[02/07/2025 16:44:11] /a 10
[02/07/2025 16:44:11] /a 10
[02/07/2025 16:44:14] /a 10
[02/07/2025 16:44:15] /a 10
[02/07/2025 16:44:16] /a 10
[02/07/2025 16:44:17] /a 10
[02/07/2025 16:44:17] /a 10
[02/07/2025 16:44:19] /a 10
[02/07/2025 16:44:19] /a 10
[02/07/2025 16:44:19] /a 10
[02/07/2025 16:44:19] /a 10
[02/07/2025 16:44:20] /a 10
[02/07/2025 16:44:21] /a 10
[02/07/2025 16:44:22] /a 10
[02/07/2025 16:44:22] /a 10
[02/07/2025 16:44:24] /a 10
[02/07/2025 16:44:25] /a 10
[02/07/2025 16:44:26] /a 10
[02/07/2025 16:44:27] /a 50
[02/07/2025 16:44:27] /a 200
[02/07/2025 16:44:28] /a 10
[02/07/2025 16:44:31] /a 500
[02/07/2025 16:44:32] /t
[02/07/2025 16:44:48] /a 10
[02/07/2025 16:44:50] /a 10
[02/07/2025 18:14:05] /goto terror
[02/07/2025 18:14:12] /t
[02/07/2025 18:14:14] /goto cave 5
[02/07/2025 18:14:29] /c [svip] vinil
[02/07/2025 18:24:19] /a 10
[02/07/2025 18:24:22] /a 10
[02/07/2025 18:24:23] /a 10
[02/07/2025 18:24:24] /a 10
[02/07/2025 18:24:25] /a 10
[02/07/2025 18:24:28] /a 20
[02/07/2025 18:24:37] /a 4
[02/07/2025 18:24:58] /cliport
[02/07/2025 18:25:05] /up
[02/07/2025 18:25:41] /a 2
[02/07/2025 18:25:48] /c osama
[02/07/2025 18:27:18] /a 2
[02/07/2025 18:27:21] /c osama
[02/07/2025 18:35:20] /t
[02/07/2025 18:41:33] /kick chevrolet
[02/07/2025 18:49:56] /up
[02/07/2025 18:49:59] /c chevrolet
[02/07/2025 18:50:02] /ghost
[02/07/2025 18:50:44] /t
[02/07/2025 18:50:46] /c chevrolet
[02/07/2025 18:50:50] /kick chevrolet
[02/07/2025 18:50:53] /ghost
[02/07/2025 18:51:19] /kick chevrolet
[02/07/2025 20:28:44] /goto gameplay alexandre
[02/07/2025 20:28:50] /t
[02/07/2025 20:56:35] /goto gameplay alexandre
[02/07/2025 20:56:39] /t
[02/07/2025 20:59:17] /cliport
[03/07/2025 16:05:20] /goto [svip] bolzani
[03/07/2025 16:05:33] /t
[03/07/2025 17:34:09] /goto bessa xucro
[03/07/2025 17:34:21] /goto mc negai
[03/07/2025 17:34:22] /goto mc negao
[03/07/2025 17:34:30] /goto pally rush
[03/07/2025 19:27:47] /kick chevrolet
[03/07/2025 19:27:58] /goto chevrolet
[03/07/2025 19:29:38] /c maduro
[03/07/2025 19:30:13] /goto maduro
[03/07/2025 19:30:15] /goto maduro
[03/07/2025 19:34:27] /a 2/t
[03/07/2025 19:34:29] /t
