[26/06/2025 20:55:04] /t
[26/06/2025 20:55:07] /info ADM
[26/06/2025 20:56:37] /ghost
[26/06/2025 20:56:59] /a 2
[26/06/2025 20:57:08] /a 30
[26/06/2025 20:57:09] /a 5
[26/06/2025 20:57:16] /r
[26/06/2025 20:57:28] /t
[26/06/2025 20:57:55] /a 2
[26/06/2025 20:58:13] /t
[26/06/2025 20:58:38] /t
[26/06/2025 20:58:44] /a 3
[26/06/2025 20:58:54] /a 30
[26/06/2025 20:58:56] /a 5
[26/06/2025 20:59:00] /i 1444
[26/06/2025 20:59:17] /attr action 75125
[26/06/2025 20:59:24] /attr unique 75125
[26/06/2025 20:59:33] /t
[26/06/2025 21:01:29] /a 2
[26/06/2025 21:01:32] /owner loro heleno
[26/06/2025 21:01:35] /t
[27/06/2025 07:16:33] /goto Jack
[27/06/2025 07:16:40] /t
[27/06/2025 07:16:42] /info Jack
[27/06/2025 14:05:25] /mc
[27/06/2025 14:05:44] /goto Dumbledore
[27/06/2025 14:05:52] /goto Erviinha
[27/06/2025 14:06:08] /goto Marcolino
[27/06/2025 14:06:43] /t
[27/06/2025 14:31:02] /goto Terror
[27/06/2025 14:31:04] /goto Terror
[27/06/2025 14:31:06] /t
[27/06/2025 18:18:25] /mc
[27/06/2025 18:23:58] /goto GM
[27/06/2025 18:24:17] /goto gm
[27/06/2025 18:24:18] /goto gm
[27/06/2025 18:24:19] /goto gm
[27/06/2025 18:24:20] /goto gm
[27/06/2025 18:24:56] /ghost
[27/06/2025 18:25:02] /ghost
[27/06/2025 18:25:13] /mc
[27/06/2025 18:25:21] /goto bolzani
[27/06/2025 18:25:28] /t
[27/06/2025 18:26:46] /t
[27/06/2025 18:33:05] /i gold nugget 100
[27/06/2025 18:33:09] /i gold nuggets 100
[27/06/2025 18:33:17] /i 2157 100
[27/06/2025 18:33:45] /i gold nuggets 1
[27/06/2025 18:33:47] /i gold nuggets 1
[27/06/2025 18:33:50] /i gold nugget 1
[27/06/2025 18:34:12] /i gold nugget
[27/06/2025 18:34:50] /i dodge pedra
[27/06/2025 18:35:24] /i critical pedra
[27/06/2025 18:36:27] /goto gm
[27/06/2025 20:32:33] /goto Dumbledore
[27/06/2025 21:34:01] /t
[27/06/2025 21:34:05] /mc
[27/06/2025 21:34:26] /goto Los Neto
[27/06/2025 21:34:29] /goto Chefinho
[27/06/2025 21:34:33] /goto Chefinho
[27/06/2025 21:34:34] /goto Chefinho
[27/06/2025 21:34:36] /goto Chefinho
[27/06/2025 21:34:38] /goto Chefinho
[27/06/2025 21:34:49] /goto Kina Pro Max
[27/06/2025 21:35:14] /goto bob esponja
[27/06/2025 21:35:22] /goto kina pro max
[27/06/2025 21:35:25] /goto bolzani
[27/06/2025 21:35:32] /goto Expanca Puta
[27/06/2025 21:35:34] /goto Marcolino
[27/06/2025 21:35:40] /goto Chefinho
[27/06/2025 21:35:43] /goto Dumbledore
[27/06/2025 21:35:47] /t
[27/06/2025 23:03:03] /a 2
[27/06/2025 23:03:13] /a 40
[27/06/2025 23:03:16] /a 6
[27/06/2025 23:03:17] /a 3
[27/06/2025 23:03:19] /r
[27/06/2025 23:03:25] /i 9564
[27/06/2025 23:03:37] /attr actionid 75125
[27/06/2025 23:03:44] /attr uniqueid 75125
[27/06/2025 23:04:20] /t
[28/06/2025 12:58:37] /goto bolzani
[28/06/2025 12:58:39] /goto bolzani
[28/06/2025 12:58:53] /t
[28/06/2025 12:59:22] /i 6433
[28/06/2025 12:59:27] /goto bolzani
[28/06/2025 12:59:32] /goto bolzani
[28/06/2025 12:59:33] /goto bolzani
[28/06/2025 12:59:39] /goto bolzani
[28/06/2025 12:59:53] /goto bolzani
[28/06/2025 12:59:55] /goto bolzani
[28/06/2025 13:00:00] /goto bolzani
[28/06/2025 13:00:01] /goto bolzani
[28/06/2025 13:00:09] /goto bolzani
[28/06/2025 13:01:26] /i addon doll
[28/06/2025 13:02:25] /t
[28/06/2025 13:02:26] /up
[28/06/2025 13:02:28] /up
[28/06/2025 13:02:30] /ghost
[28/06/2025 13:02:51] /i addon doll
[28/06/2025 13:02:52] /ghost
[28/06/2025 13:03:04] /r
[28/06/2025 13:06:11] /reload talkactions
[28/06/2025 13:07:01] /reload talkactions
[28/06/2025 13:07:25] /goto Bolzani
[28/06/2025 13:07:29] /ghost
[28/06/2025 13:07:58] /mc
[28/06/2025 13:08:30] /ghost
[28/06/2025 13:08:56] /mc
[28/06/2025 13:09:23] /i supreme arco
[28/06/2025 13:09:28] /goto lilly loka
[28/06/2025 13:10:32] /goto lilly loka
[28/06/2025 13:25:19] /goto Los Neto
[28/06/2025 13:25:21] /ghost
[28/06/2025 13:25:38] /ghost
[28/06/2025 13:25:45] /t
[28/06/2025 13:26:21] /info Lilly Loka
[28/06/2025 14:36:39] /goto guizinho
[28/06/2025 14:36:40] /goto guizinho
[28/06/2025 14:37:07] /i fusion arc
[28/06/2025 14:37:09] /t
[28/06/2025 14:37:17] /i fusion arco
[28/06/2025 14:37:20] /goto guizinho
[28/06/2025 14:37:22] /ghost
[28/06/2025 14:37:37] /ghost
[28/06/2025 14:38:05] /t
[28/06/2025 14:38:14] /i supreme vip
[28/06/2025 14:38:31] /i 11394
[28/06/2025 14:38:35] /goto guizinho
[28/06/2025 14:39:24] /t
[28/06/2025 16:14:05] /mc
[28/06/2025 20:14:16] /goto [SVip] Lilly Loka
[28/06/2025 20:14:28] /t
[28/06/2025 20:15:55] /mc
[28/06/2025 20:16:12] /goto Jack
[28/06/2025 20:16:18] /goto Bugado
[28/06/2025 20:18:54] /t
[28/06/2025 20:19:02] /i fusion armor
[28/06/2025 20:19:12] /i fusion robe
[28/06/2025 20:19:24] /i fusion helmet
[28/06/2025 20:19:28] /i fusion legs
[28/06/2025 20:20:11] /i fusion cape
[28/06/2025 20:20:42] /i fusion short
[28/06/2025 20:20:55] /i fusion hat
[28/06/2025 20:22:15] /i fusion ring
[28/06/2025 20:22:32] /i exp ring 8x
[28/06/2025 20:22:36] /i exp ring
[28/06/2025 20:23:01] /i ring exp 8x
[28/06/2025 20:23:06] /i ring exp 8x
[28/06/2025 20:23:07] /i ring exp 8x
[28/06/2025 20:23:12] /i master backpack
[28/06/2025 20:23:19] /i master backpack
[28/06/2025 20:23:24] /i ring exp 8x 25
[28/06/2025 20:23:33] /i ring exp 8x, 25
[28/06/2025 20:23:36] /i ring exp 8x 
[28/06/2025 20:23:37] /i ring exp 8x 
[28/06/2025 20:23:37] /i ring exp 8x 
[28/06/2025 20:23:37] /i ring exp 8x 
[28/06/2025 20:23:38] /i ring exp 8x 
[28/06/2025 20:23:59] /i ring exp 8x 
[28/06/2025 20:24:02] /i ring exp 8x 
[28/06/2025 20:24:03] /i ring exp 8x 
[28/06/2025 20:24:03] /i ring exp 8x 
[28/06/2025 20:24:04] /i ring exp 8x 
[28/06/2025 20:24:04] /i ring exp 8x 
[28/06/2025 20:24:04] /i ring exp 8x 
[28/06/2025 20:24:05] /i ring exp 8x 
[28/06/2025 20:24:05] /i ring exp 8x 
[28/06/2025 20:24:06] /i ring exp 8x 
[28/06/2025 20:24:06] /i ring exp 8x 
[28/06/2025 20:24:06] /i ring exp 8x 
[28/06/2025 20:24:07] /i ring exp 8x 
[28/06/2025 20:24:07] /i ring exp 8x 
[28/06/2025 20:24:08] /i ring exp 8x 
[28/06/2025 20:24:08] /i ring exp 8x 
[28/06/2025 20:24:08] /i ring exp 8x 
[28/06/2025 20:24:09] /i ring exp 8x 
[28/06/2025 20:24:09] /i ring exp 8x 
[28/06/2025 20:24:10] /i ring exp 8x 
[28/06/2025 20:24:10] /i ring exp 8x 
[28/06/2025 20:24:13] /i ring exp 8x 
[28/06/2025 20:24:14] /i ring exp 8x 
[28/06/2025 20:24:14] /i ring exp 8x 
[28/06/2025 20:24:15] /i ring exp 8x 
[28/06/2025 20:24:15] /i ring exp 8x 
[28/06/2025 20:24:16] /i ring exp 8x 
[28/06/2025 20:24:37] /i donate spellbook
[28/06/2025 20:24:45] /i 8918
[28/06/2025 20:24:57] /i dodge pedra
[28/06/2025 20:24:58] /i dodge pedra
[28/06/2025 20:24:59] /i dodge pedra
[28/06/2025 20:24:59] /i dodge pedra
[28/06/2025 20:25:00] /i dodge pedra
[28/06/2025 20:25:04] /i dodge pedra
[28/06/2025 20:25:04] /i dodge pedra
[28/06/2025 20:25:05] /i dodge pedra
[28/06/2025 20:25:05] /i dodge pedra
[28/06/2025 20:25:06] /i dodge pedra
[28/06/2025 20:25:06] /i dodge pedra
[28/06/2025 20:25:07] /i dodge pedra
[28/06/2025 20:25:07] /i dodge pedra
[28/06/2025 20:25:07] /i dodge pedra
[28/06/2025 20:25:08] /i dodge pedra
[28/06/2025 20:25:08] /i dodge pedra
[28/06/2025 20:25:09] /i dodge pedra
[28/06/2025 20:25:09] /i dodge pedra
[28/06/2025 20:25:10] /i dodge pedra
[28/06/2025 20:25:10] /i dodge pedra
[28/06/2025 20:25:11] /i dodge pedra
[28/06/2025 20:25:11] /i dodge pedra
[28/06/2025 20:25:11] /i dodge pedra
[28/06/2025 20:25:12] /i dodge pedra
[28/06/2025 20:25:12] /i dodge pedra
[28/06/2025 20:25:13] /i dodge pedra
[28/06/2025 20:25:13] /i dodge pedra
[28/06/2025 20:25:18] /i dodge pedra
[28/06/2025 20:25:18] /i dodge pedra
[28/06/2025 20:25:19] /i dodge pedra
[28/06/2025 20:25:19] /i dodge pedra
[28/06/2025 20:25:20] /i dodge pedra
[28/06/2025 20:25:21] /i dodge pedra
[28/06/2025 20:25:21] /i dodge pedra
[28/06/2025 20:25:22] /i dodge pedra
[28/06/2025 20:25:22] /i dodge pedra
[28/06/2025 20:25:23] /i dodge pedra
[28/06/2025 20:25:24] /i dodge pedra
[28/06/2025 20:25:24] /i dodge pedra
[28/06/2025 20:25:25] /i dodge pedra
[28/06/2025 20:25:25] /i dodge pedra
[28/06/2025 20:25:26] /i dodge pedra
[28/06/2025 20:25:26] /i dodge pedra
[28/06/2025 20:25:27] /i dodge pedra
[28/06/2025 20:25:28] /i dodge pedra
[28/06/2025 20:25:28] /i dodge pedra
[28/06/2025 20:25:29] /i dodge pedra
[28/06/2025 20:25:29] /i dodge pedra
[28/06/2025 20:25:30] /i dodge pedra
[28/06/2025 20:25:30] /i dodge pedra
[28/06/2025 20:25:31] /i dodge pedra
[28/06/2025 20:25:39] /i vip stone
[28/06/2025 20:25:45] /r
[28/06/2025 20:31:51] /i addon doll
[28/06/2025 20:31:51] /i addon doll
[28/06/2025 20:31:52] /i addon doll
[28/06/2025 20:31:52] /i addon doll
[28/06/2025 20:44:12] /i master backpack
[28/06/2025 20:44:24] /i critical dodge
[28/06/2025 20:44:35] /i critical pedra
[28/06/2025 22:23:33] /goto [Svip] Lilly Loka
[28/06/2025 22:23:46] /t
[29/06/2025 11:57:19] /goto [Svip] Lilly
[29/06/2025 11:57:26] /t
[29/06/2025 11:57:33] /info [Svip] Lilly
[29/06/2025 12:11:45] /goto [Svip] Lilly
[29/06/2025 12:11:47] /ghost
[29/06/2025 12:12:01] /goto [Svip] Lilly
[29/06/2025 12:12:26] /ghost
[29/06/2025 12:26:38] /goto [Svip] Lilly
[29/06/2025 12:26:45] /ghost
[29/06/2025 12:26:47] /a 3
[29/06/2025 12:27:01] /r
[29/06/2025 12:30:42] /ghost
[29/06/2025 12:31:45] /mc
[29/06/2025 12:32:06] /info Kina Loko
[29/06/2025 14:49:48] /goto [Svip] Lilly
[29/06/2025 14:50:03] /t
[29/06/2025 15:15:35] /mc
[29/06/2025 15:15:57] /goto vinil
[29/06/2025 15:16:08] /goto vinil
[29/06/2025 15:16:18] /t
[29/06/2025 15:17:27] /i baiakzik staff
[29/06/2025 15:17:33] /i supreme staff
[29/06/2025 15:17:43] /i new baiak staff
[29/06/2025 15:17:57] /i master vip staff
[29/06/2025 15:18:15] /i ultimate staff
[29/06/2025 15:18:40] /i fusion staff
[29/06/2025 15:18:49] /goto vinil
[29/06/2025 15:18:52] /ghost
[29/06/2025 15:19:17] /ghost
[29/06/2025 15:19:24] /goto vinil
[29/06/2025 15:19:25] /goto vinil
[29/06/2025 15:20:04] /t
[29/06/2025 15:20:45] /goto [Svip] Lilly
[29/06/2025 15:22:27] /i ultimate staff
[29/06/2025 15:22:32] /a 2
[29/06/2025 15:25:22] /t
[29/06/2025 19:34:46] /goto [Svip] Lilly
[29/06/2025 19:34:49] /t
[29/06/2025 20:01:00] /mc
[30/06/2025 11:19:42] /goto Dumbledore
[30/06/2025 11:19:44] /t
[30/06/2025 11:50:10] /goto [GM] Lite
[30/06/2025 11:50:13] /t
[30/06/2025 11:58:47] /goto [GM] Lite
[30/06/2025 11:58:55] /a 2
[30/06/2025 11:58:56] /a 2
[03/07/2025 14:43:51] /goto GOD
[03/07/2025 14:44:01] /mc
[03/07/2025 14:44:13] /reload monsters
[03/07/2025 14:44:20] /ghost
[03/07/2025 14:44:47] /mc
[03/07/2025 14:45:02] /m ferumbras
[03/07/2025 14:45:08] /r
[03/07/2025 14:45:26] /m vip ferumbras
[03/07/2025 14:45:29] /i ferumbras vip
[03/07/2025 14:45:33] /i ferumbras vip 3
[03/07/2025 14:45:51] /r
[03/07/2025 14:46:43] /ghost
[03/07/2025 14:46:43] /t
[03/07/2025 14:49:52] /a 2
[03/07/2025 14:49:54] /r
[03/07/2025 14:49:55] /r
[03/07/2025 14:49:57] /r 100
[03/07/2025 14:49:58] /r 100
[03/07/2025 14:49:59] /r 100
[03/07/2025 14:50:00] /r 100
[03/07/2025 14:50:01] /r 100
[03/07/2025 14:50:02] /r 100
[03/07/2025 14:50:03] /r 100
[03/07/2025 14:50:04] /r 100
[03/07/2025 14:50:05] /r 100
[03/07/2025 14:50:06] /r 100
[03/07/2025 14:50:07] /r 100
[03/07/2025 14:50:08] /r 100
[03/07/2025 14:50:09] /r 100
[03/07/2025 18:04:40] /t
[03/07/2025 18:04:42] /ghost
[03/07/2025 18:07:29] /ghost
[03/07/2025 18:08:13] /t
[03/07/2025 18:08:45] /mc
[03/07/2025 18:08:53] /i fusion sword
[03/07/2025 18:09:03] /t
[03/07/2025 18:09:04] /ghost
[03/07/2025 18:09:34] /ghost
[03/07/2025 18:11:57] /i fusion boots
[03/07/2025 18:12:02] /i fusion backpack
[03/07/2025 18:12:08] /i supreme backpack
[03/07/2025 18:12:14] /i master vip backpack
[03/07/2025 18:12:19] /i master backpack
[03/07/2025 18:12:43] /i supreme vip
[03/07/2025 18:12:57] /up
[03/07/2025 18:12:58] /up
[03/07/2025 18:12:59] /up
[03/07/2025 18:13:16] /c megazord
[03/07/2025 18:13:19] /ghost
[03/07/2025 18:14:31] /ghost
[03/07/2025 18:14:32] /t
[03/07/2025 18:14:45] /c megazord
[03/07/2025 18:15:00] /goto megazord
[03/07/2025 18:15:08] /goto megazord
[03/07/2025 18:15:09] /goto megazord
[03/07/2025 18:15:11] /goto megazord
[03/07/2025 18:15:12] /goto megazord
[03/07/2025 18:16:38] /t
[03/07/2025 18:21:23] /config
[03/07/2025 18:27:39] !mc
[03/07/2025 18:29:30] /reload talkactions
[03/07/2025 18:29:35] /t
[03/07/2025 18:29:51] /a 3
[03/07/2025 18:29:54] /t
[03/07/2025 18:30:24] /r
[03/07/2025 18:32:33] /a 3
[03/07/2025 18:32:41] /raid Dark Lucifer Vip
[03/07/2025 18:33:51] /raid
[03/07/2025 18:34:03] /raid demon
[03/07/2025 18:35:27] /t
[03/07/2025 18:35:31] /m Dark Lucifer Vip
[03/07/2025 18:35:33] /m Dark Lucifer Vip
[03/07/2025 18:35:34] /m Dark Lucifer Vip
[03/07/2025 18:35:35] /m Dark Lucifer Vip
[03/07/2025 18:35:37] /m demon
[03/07/2025 18:35:38] /r
[03/07/2025 18:35:43] /r
[03/07/2025 19:35:59] /goto Chevrolet
[03/07/2025 19:38:43] /kick [Svip] [GM] Lite
[03/07/2025 19:41:54] /baninfo
[03/07/2025 19:42:01] /baninfo chevrolet
[03/07/2025 19:44:17] /goto megazord
[03/07/2025 19:44:28] /t
[03/07/2025 19:56:07] /reload config
[03/07/2025 19:56:30] /reload config.lua
[03/07/2025 19:57:42] /t
[03/07/2025 20:36:38] /kick pika chu
[03/07/2025 20:38:17] /i donate spellbook
[03/07/2025 20:38:24] /i spellbook
[03/07/2025 20:42:04] /i spellbook of dark mysteries
[03/07/2025 20:45:21] /i 8893
[03/07/2025 20:45:24] /i 8893
[03/07/2025 20:45:30] /i 8900
[03/07/2025 20:46:49] /reload items
[03/07/2025 20:47:28] /reload items.xml
[03/07/2025 20:49:07] /i donate spellbook
[03/07/2025 20:49:41] /reload item
[03/07/2025 20:49:58] /reload items
[03/07/2025 20:50:25] /reload items
[03/07/2025 20:52:47] /i spellbook of dark mysteries
[03/07/2025 20:53:37] /reload movements
[03/07/2025 20:53:58] /goto [svip] bolzani
[03/07/2025 20:54:01] /ghost
[03/07/2025 20:54:02] /ghost
[03/07/2025 20:54:03] /ghost
[03/07/2025 20:54:03] /goto [svip] bolzani
[03/07/2025 20:54:47] /goto [svip] bolzani
[03/07/2025 20:55:55] /kick [Svip] bolzani
[03/07/2025 20:57:30] /ghost
[03/07/2025 20:57:46] /t
[03/07/2025 21:04:50] /c [svip] bolzani
[03/07/2025 21:09:19] /kick Cry cry
[03/07/2025 21:11:24] /c bessa xucro
[03/07/2025 21:20:54] /reload talkactions
[03/07/2025 21:24:07] /a 20
[03/07/2025 21:24:08] /a 20
[03/07/2025 21:24:31] /a 5
[03/07/2025 21:24:59] /a 5
[03/07/2025 21:25:00] /a 5
[03/07/2025 21:25:01] /a 20
[03/07/2025 21:25:02] /a 5
[03/07/2025 21:25:10] /a 5
[03/07/2025 21:25:16] /a 5
[03/07/2025 21:25:17] /a 5
[03/07/2025 21:25:20] /a 5
[03/07/2025 21:25:23] /a 5
[03/07/2025 21:25:28] /a 5
[03/07/2025 21:25:30] /a 5
[03/07/2025 21:25:32] /a 5
[03/07/2025 21:25:52] /a 20
[03/07/2025 21:25:56] /a 5
[03/07/2025 21:26:03] /a 5
[03/07/2025 21:26:03] /a 5
[03/07/2025 21:26:05] /a 5
[03/07/2025 21:26:06] /a 5
[03/07/2025 21:26:07] /a 5
[03/07/2025 21:26:07] /a 5
[03/07/2025 21:26:08] /a 5
[03/07/2025 21:26:09] /a 5
[03/07/2025 21:26:11] /a 5
[03/07/2025 21:26:12] /a 5
[03/07/2025 21:26:13] /a 5
[03/07/2025 21:26:14] /a 5
[03/07/2025 21:26:16] /a 5
[03/07/2025 21:26:17] /a 5
[03/07/2025 21:26:20] /a 5
[03/07/2025 21:26:23] /a 5
[03/07/2025 21:26:26] /a 5
[03/07/2025 21:26:27] /a 5
[03/07/2025 21:26:28] /a 5
[03/07/2025 21:26:29] /a 5
[03/07/2025 21:26:32] /a 15
[03/07/2025 21:30:32] /reload talkactions
[03/07/2025 21:30:53] /r
[03/07/2025 21:30:57] /a 2
[03/07/2025 21:31:44] /owner Tester 2
[03/07/2025 21:32:27] /reload talkactions
[03/07/2025 21:33:14] /owner tester 2
[03/07/2025 21:51:26] /kick pinta mole
[03/07/2025 21:52:02] /kick comedor de pepeka
[03/07/2025 21:52:27] /kick pinta molea
[03/07/2025 21:57:12] /kick root poker
[03/07/2025 21:57:14] /t
[03/07/2025 22:02:01] /mc
[03/07/2025 22:08:06] /goto simos
[03/07/2025 22:08:12] /t
[03/07/2025 22:13:11] /m bazir
[03/07/2025 22:13:12] /m bazir
[03/07/2025 22:13:12] /m bazir
[03/07/2025 22:13:13] /m bazir
[03/07/2025 22:13:13] /m bazir
[03/07/2025 22:13:14] /m bazir
[03/07/2025 22:13:14] /m bazir
[03/07/2025 22:13:15] /m bazir
[03/07/2025 22:13:26] /m bazir
[03/07/2025 22:13:27] /m bazir
[03/07/2025 22:13:27] /m bazir
[03/07/2025 22:13:27] /m bazir
[03/07/2025 22:13:28] /m bazir
[03/07/2025 22:13:28] /m bazir
[03/07/2025 22:13:29] /m bazir
[03/07/2025 22:13:29] /m bazir
[03/07/2025 22:13:51] /m bazir
[03/07/2025 22:13:51] /m bazir
[03/07/2025 22:13:52] /m bazir
[03/07/2025 22:13:52] /m bazir
[03/07/2025 22:13:57] /i infernatil
[03/07/2025 22:14:09] /m infernatil
[03/07/2025 22:14:10] /m infernatil
[03/07/2025 22:14:11] /m infernatil
[03/07/2025 22:14:11] /m infernatil
[03/07/2025 22:14:12] /m infernatil
[03/07/2025 22:14:12] /m infernatil
[03/07/2025 22:14:13] /m infernatil
[03/07/2025 22:14:13] /m infernatil
[03/07/2025 22:14:14] /m infernatil
[03/07/2025 22:14:14] /m infernatil
[03/07/2025 22:14:17] /t
[03/07/2025 22:14:23] /t
[03/07/2025 22:14:27] /m infernatil
[03/07/2025 22:14:27] /m infernatil
[03/07/2025 22:14:30] /m infernatil
[03/07/2025 22:14:30] /m infernatil
[03/07/2025 22:14:32] /m infernatil
[03/07/2025 22:14:33] /m infernatil
[03/07/2025 22:14:33] /m infernatil
[03/07/2025 22:14:34] /m infernatil
[03/07/2025 22:14:34] /m infernatil
[03/07/2025 22:14:35] /m infernatil
[03/07/2025 22:14:36] /m infernatil
[03/07/2025 22:14:36] /m infernatil
[03/07/2025 22:14:37] /m infernatil
[03/07/2025 22:14:38] /m infernatil
[03/07/2025 22:14:38] /m infernatil
[03/07/2025 22:14:39] /m infernatil
[03/07/2025 22:14:40] /m infernatil
[03/07/2025 22:14:40] /m infernatil
[03/07/2025 22:14:41] /m infernatil
[03/07/2025 22:14:41] /m infernatil
[03/07/2025 22:14:42] /m infernatil
[03/07/2025 22:14:43] /m infernatil
[03/07/2025 22:14:45] /t
[03/07/2025 22:15:19] /clean
[03/07/2025 22:15:40] /a 3
[03/07/2025 22:15:56] /a 2
[03/07/2025 22:16:05] /t
[03/07/2025 22:16:09] /clean
[03/07/2025 22:16:21] /a 2
[03/07/2025 22:16:35] /m supreme demon
[03/07/2025 22:16:36] /t
[03/07/2025 22:16:41] /m supreme demon
[03/07/2025 22:16:41] /m supreme demon
[03/07/2025 22:16:42] /m supreme demon
[03/07/2025 22:16:44] /m supreme demon
[03/07/2025 22:16:44] /m supreme demon
[03/07/2025 22:16:45] /m supreme demon
[03/07/2025 22:16:45] /m supreme demon
[03/07/2025 22:16:47] /m supreme demon
[03/07/2025 22:16:47] /t
[03/07/2025 22:17:04] /a 2
[03/07/2025 22:17:18] /a 2
[03/07/2025 22:17:20] /a 3
[03/07/2025 22:17:22] /a 1
[03/07/2025 22:17:24] /a 3
[03/07/2025 22:17:32] /m zaru
[03/07/2025 22:17:42] /goto Zaru
[03/07/2025 22:17:48] /m Zoralurk
[03/07/2025 22:17:49] /m Zoralurk
[03/07/2025 22:17:49] /m Zoralurk
[03/07/2025 22:17:50] /m Zoralurk
[03/07/2025 22:17:51] /m Zoralurk
[03/07/2025 22:17:56] /m Zoralurk
[03/07/2025 22:17:57] /m Zoralurk
[03/07/2025 22:17:58] /m Zoralurk
[03/07/2025 22:17:58] /m Zoralurk
[03/07/2025 22:17:59] /m Zoralurk
[03/07/2025 22:17:59] /m Zoralurk
[03/07/2025 22:18:01] /m Zoralurk
[03/07/2025 22:18:03] /a 5
[03/07/2025 22:18:17] /r
[03/07/2025 22:18:21] /r
[03/07/2025 22:18:22] /r
[03/07/2025 22:18:24] /r
[03/07/2025 22:18:25] /r
[03/07/2025 22:18:26] /r
[03/07/2025 22:20:28] /mc
[03/07/2025 22:21:18] /clean
[03/07/2025 22:23:16] /reload monster
[03/07/2025 22:24:18] /reload monster
[03/07/2025 22:24:25] /reload monsters
[03/07/2025 22:25:33] /reload monsters
[03/07/2025 22:25:43] /m Zoralurk
[03/07/2025 22:25:45] /m Zoralurk
[03/07/2025 22:25:46] /m Zoralurk
[03/07/2025 22:25:46] /m Zoralurk
[03/07/2025 22:25:47] /m Zoralurk
[03/07/2025 22:25:47] /m Zoralurk
[03/07/2025 22:26:28] /goto megazord
[03/07/2025 22:27:00] /t
[03/07/2025 22:27:28] /r
[03/07/2025 22:27:30] /r
[03/07/2025 22:27:32] /r
[03/07/2025 22:27:36] /r
[03/07/2025 22:28:16] /r
[03/07/2025 22:28:17] /r
[03/07/2025 22:28:18] /r
[03/07/2025 22:28:32] /i ultimate staff
[03/07/2025 22:29:38] /r
[03/07/2025 22:32:47] /addskill [svip] bolzani level, 1
[03/07/2025 22:33:00] /addskill [svip] bolzani, 1
[03/07/2025 22:33:05] /addskill [svip] bolzani, level 1
[03/07/2025 22:33:08] /addskill [svip] bolzani, level 1
[03/07/2025 22:33:09] /addskill [svip] bolzani, level 1
[03/07/2025 22:33:09] /addskill [svip] bolzani, level 1
[03/07/2025 22:33:10] /addskill [svip] bolzani, level 1
[03/07/2025 22:33:10] /addskill [svip] bolzani, level 1
[03/07/2025 22:33:14] /addskill [svip] bolzani, level 1
[03/07/2025 22:33:15] /addskill [svip] bolzani, level 1
[03/07/2025 22:33:15] /addskill [svip] bolzani, level 1
[03/07/2025 22:33:16] /addskill [svip] bolzani, level 1
[03/07/2025 22:33:16] /addskill [svip] bolzani, level 1
[03/07/2025 22:33:18] /addskill [svip] bolzani, level 1
[03/07/2025 22:33:19] /addskill [svip] bolzani, level 1
[03/07/2025 22:33:20] /addskill [svip] bolzani, level 10
[03/07/2025 22:33:23] /addskill [svip] bolzani, level 10
[03/07/2025 22:33:25] /addskill [svip] bolzani, level 10
[03/07/2025 22:33:26] /addskill [svip] bolzani, level 10
[03/07/2025 22:33:26] /addskill [svip] bolzani, level 10
[03/07/2025 22:33:27] /addskill [svip] bolzani, level 10
[03/07/2025 22:33:27] /addskill [svip] bolzani, level 10
[03/07/2025 22:33:28] /addskill [svip] bolzani, level 10
[03/07/2025 22:33:28] /addskill [svip] bolzani, level 10
[03/07/2025 22:33:29] /addskill [svip] bolzani, level 10
[03/07/2025 22:33:29] /addskill [svip] bolzani, level 10
[03/07/2025 22:33:30] /addskill [svip] bolzani, level 10
[03/07/2025 22:33:30] /addskill [svip] bolzani, level 10
[03/07/2025 22:33:31] /addskill [svip] bolzani, level 10
[03/07/2025 22:33:31] /addskill [svip] bolzani, level 10
[03/07/2025 22:33:32] /addskill [svip] bolzani, level 10
[03/07/2025 22:33:32] /addskill [svip] bolzani, level 10
[03/07/2025 22:33:33] /addskill [svip] bolzani, level 10
[03/07/2025 22:33:33] /addskill [svip] bolzani, level 10
[03/07/2025 22:33:34] /addskill [svip] bolzani, level 10
[03/07/2025 22:33:38] /addskill [svip] bolzani, level 10
[03/07/2025 22:33:48] /addskill [svip] bolzani, level 10
[03/07/2025 22:33:48] /addskill [svip] bolzani, level 10
[03/07/2025 22:33:49] /addskill [svip] bolzani, level 10
[03/07/2025 22:33:49] /addskill [svip] bolzani, level 10
[03/07/2025 22:33:50] /addskill [svip] bolzani, level 10
[03/07/2025 22:33:50] /addskill [svip] bolzani, level 10
[03/07/2025 22:33:51] /addskill [svip] bolzani, level 10
[03/07/2025 22:33:51] /addskill [svip] bolzani, level 10
[03/07/2025 22:33:52] /addskill [svip] bolzani, level 10
[03/07/2025 22:33:52] /addskill [svip] bolzani, level 10
[03/07/2025 22:33:53] /addskill [svip] bolzani, level 10
[03/07/2025 22:33:53] /addskill [svip] bolzani, level 10
[03/07/2025 22:33:54] /addskill [svip] bolzani, level 10
[03/07/2025 22:33:55] /addskill [svip] bolzani, level 10
[03/07/2025 22:33:55] /addskill [svip] bolzani, level 10
[03/07/2025 22:33:55] /addskill [svip] bolzani, level 10
[03/07/2025 22:33:56] /addskill [svip] bolzani, level 10
[03/07/2025 22:33:57] /addskill [svip] bolzani, level 10
[03/07/2025 22:33:57] /addskill [svip] bolzani, level 10
[03/07/2025 22:33:58] /addskill [svip] bolzani, level 10
[03/07/2025 22:33:58] /addskill [svip] bolzani, level 10
[03/07/2025 22:34:56] /reload monsters
[03/07/2025 22:36:09] /m Zoralurk
[04/07/2025 07:58:04] /goto [Svip] Bolzani
[04/07/2025 07:58:09] /t
[04/07/2025 14:00:02] /t
[04/07/2025 14:00:29] /m Zoralurk
[04/07/2025 14:00:31] /m Zoralurk
[05/07/2025 13:29:16] /mc
[06/07/2025 11:52:05] /goto [Svip] Bessa Xucro
[06/07/2025 11:52:12] /goto Osama
[06/07/2025 11:52:16] /goto Megazord
[06/07/2025 11:52:25] /goto Big Mac
[06/07/2025 11:52:34] /goto Sir Tiesto
[06/07/2025 11:52:38] /goto Defurion
[06/07/2025 11:52:42] /goto Paly Loco
[06/07/2025 11:52:51] /goto Joyo's
[06/07/2025 11:53:00] /goto [Svip] Comandante Da Morte
[06/07/2025 11:53:10] /t
[06/07/2025 11:53:52] /m Zoraluck
[06/07/2025 11:53:57] /m Zoralurk
[06/07/2025 11:53:59] /m Zoralurk
[06/07/2025 11:54:06] /m Zoralurk
[06/07/2025 11:54:09] /m Zoralurk
[06/07/2025 11:54:22] /m Zoralurk
[06/07/2025 11:54:38] /m Zoralurk
[06/07/2025 11:54:41] /t
[06/07/2025 12:06:05] /t
[06/07/2025 17:46:44] /m Zoralurk
[06/07/2025 17:46:50] /m Zoralurk
[06/07/2025 17:46:57] /m Zoralurk
[06/07/2025 17:47:55] /r
[06/07/2025 18:05:22] /t
[06/07/2025 18:05:28] /t
[06/07/2025 19:12:38] /a 2
[06/07/2025 19:12:41] /t
[06/07/2025 19:13:00] /a 15
[06/07/2025 19:13:02] /a 2
[06/07/2025 19:13:08] /i ring exp
[06/07/2025 19:13:10] /i exp ring
[06/07/2025 19:13:17] /i x8 exp ring
[06/07/2025 19:13:21] /i exp ring 8x
[06/07/2025 19:13:25] /i ring exp 8x
[06/07/2025 19:13:32] /i ring exp 8x
[06/07/2025 19:13:32] /i ring exp 8x
[06/07/2025 19:13:58] /i ring exp 8x
[06/07/2025 19:13:58] /i ring exp 8x
[06/07/2025 19:13:59] /i ring exp 8x
[06/07/2025 19:14:52] /t
[06/07/2025 19:18:39] /i 10301
[06/07/2025 19:18:44] /i 10313
[06/07/2025 19:18:50] /i 8856
[06/07/2025 19:18:54] /i 11390
[06/07/2025 19:18:57] /i 11387
[06/07/2025 19:19:01] /i 7708
[06/07/2025 19:19:10] /i 11249
[06/07/2025 19:19:17] /i 11392
[06/07/2025 19:19:21] /i 11394
[06/07/2025 19:19:24] /i 2358
[06/07/2025 19:19:27] /i 6391
[06/07/2025 19:19:31] /i 6433
[06/07/2025 19:19:34] /i 2128
[06/07/2025 19:19:43] /i 2486
[06/07/2025 19:19:46] /i 2488
[06/07/2025 19:19:49] /i 6531
[06/07/2025 19:19:53] /i 2653
[06/07/2025 19:19:56] /i 3983
[06/07/2025 19:20:13] /reload actions
[06/07/2025 19:20:35] /t
[06/07/2025 19:20:48] /t
[06/07/2025 19:22:30] /reload globalevents
[06/07/2025 19:24:14] /reload globalevents
[06/07/2025 19:24:26] /t
[06/07/2025 19:26:24] /reload items
[06/07/2025 19:27:12] /reload items
[06/07/2025 19:40:36] /m Zoralurk
[06/07/2025 19:40:41] /m Zoralurk
[06/07/2025 20:26:32] /m Zoralurk
[06/07/2025 20:26:36] /m Zoralurk
[06/07/2025 20:26:39] /m Zoralurk
[06/07/2025 20:26:42] /t
[06/07/2025 20:30:39] /t
[06/07/2025 20:38:04] /t
[06/07/2025 20:38:49] /a 2
[06/07/2025 20:39:06] /i 11249
[06/07/2025 20:39:24] /i 11249
[06/07/2025 20:40:13] /ghost
[06/07/2025 20:40:22] /ghost
[06/07/2025 20:40:25] /a 5
[06/07/2025 20:40:26] /a 5
[06/07/2025 20:40:28] /a 5
[06/07/2025 20:40:30] /a 5
[06/07/2025 20:41:17] /a 2
[06/07/2025 20:41:20] /goto Monx
[06/07/2025 20:41:24] /t
[06/07/2025 20:41:35] /a 5
[06/07/2025 20:41:37] /ghost
[06/07/2025 20:42:34] /ghost
[06/07/2025 20:46:25] /a 10
[06/07/2025 20:46:26] /a 2
[06/07/2025 20:46:29] /ghost
[06/07/2025 20:50:20] /ghost
[06/07/2025 20:50:36] /i 11249
[06/07/2025 20:50:41] /i 11249
[06/07/2025 20:50:48] /i 11249
[06/07/2025 20:50:52] /ghost
[06/07/2025 20:51:56] /ghost
[06/07/2025 20:52:57] /ghost
[06/07/2025 20:53:22] /mc
[06/07/2025 20:54:57] /ghost
[06/07/2025 20:55:06] /c CM
[06/07/2025 20:55:19] /t
[06/07/2025 20:55:21] /c dumbledore
[06/07/2025 20:55:31] /a 10
[06/07/2025 20:55:35] /a 12
[06/07/2025 21:03:31] /a 15
[06/07/2025 21:03:33] /a 2
[06/07/2025 21:03:50] /i master backpack
[06/07/2025 21:04:20] /i ring exp 8x
[06/07/2025 21:04:21] /i ring exp 8x
[06/07/2025 21:04:21] /i ring exp 8x
[06/07/2025 21:04:22] /i ring exp 8x
[06/07/2025 21:04:22] /i ring exp 8x
[06/07/2025 21:04:23] /i ring exp 8x
[06/07/2025 21:04:24] /i ring exp 8x
[06/07/2025 21:04:26] /i ring exp 8x
[06/07/2025 21:04:43] /i cave exclusiva 2h
[06/07/2025 21:04:44] /i cave exclusiva 2h
[06/07/2025 21:04:45] /i cave exclusiva 2h
[06/07/2025 21:04:45] /i cave exclusiva 2h
[06/07/2025 21:05:05] /t
[06/07/2025 21:05:07] /c CM
[06/07/2025 21:05:31] /i cave exclusiva 4h
[06/07/2025 21:05:53] /mc
[06/07/2025 21:06:16] /goto CM
[08/07/2025 21:25:35] /t
[08/07/2025 22:16:17] /ghost
[08/07/2025 22:17:11] /ghost
[08/07/2025 22:17:33] /goto Wasz
[08/07/2025 22:18:25] /i vip stone
[08/07/2025 22:18:34] /r
[08/07/2025 22:18:37] /ghost
[08/07/2025 22:18:40] /goto wasz
[08/07/2025 22:18:49] /ghost
[08/07/2025 22:18:50] /goto wasz
[08/07/2025 22:19:20] /goto Defurion
[08/07/2025 22:19:27] /c [Svip] Mahzinha
[08/07/2025 22:22:08] /t
[08/07/2025 22:26:47] /m Zoralurk
[08/07/2025 22:26:51] /m Zoralurk
[08/07/2025 22:26:55] /m Zoralurk
[08/07/2025 22:26:59] /m Zoralurk
[08/07/2025 22:27:05] /m Zoralurk
[08/07/2025 22:27:10] /m Zoralurk
[08/07/2025 22:27:16] /m Zoralurk
[08/07/2025 22:27:21] /m Zoralurk
[08/07/2025 22:27:22] /t
[09/07/2025 08:42:23] /reload xml
[09/07/2025 08:42:28] /reload xmls
[09/07/2025 08:44:30] /save
[10/07/2025 20:01:42] /ghost
[10/07/2025 20:05:33] /ghost
[10/07/2025 20:06:47] /mc
[13/07/2025 16:06:24] /mc
[13/07/2025 16:06:26] /goto marcolino
[13/07/2025 16:53:38] /t
[13/07/2025 16:53:41] /save
