[03/07/2025 23:45:30] /up
[03/07/2025 23:45:31] /up
[03/07/2025 23:45:32] /up
[03/07/2025 23:45:35] /m bug
[03/07/2025 23:46:00] /t
[03/07/2025 23:46:23] /goto defurion
[03/07/2025 23:46:41] /t
[03/07/2025 23:47:44] /a 2
[03/07/2025 23:50:05] /m rotworm
[03/07/2025 23:50:08] /r
[03/07/2025 23:53:35] /goto [svip] bolzani
[03/07/2025 23:53:53] /t
[04/07/2025 01:12:56] /goto Defurion
[04/07/2025 01:13:08] /goto brunin
[04/07/2025 01:13:22] /goto [svip] lily
[04/07/2025 01:13:29] /goto [svip] lilly
[04/07/2025 01:14:23] /goto [svip] bolzani
[04/07/2025 01:14:33] /t
[04/07/2025 01:20:14] /goto cave 4
[04/07/2025 01:20:21] /c dumbledore
[04/07/2025 01:25:22] /t
[04/07/2025 01:25:41] /goto ballaroty
[04/07/2025 01:25:44] /t
[04/07/2025 01:25:52] /a 2
[04/07/2025 01:26:16] /a 20
[04/07/2025 01:26:17] /a 20
[04/07/2025 01:26:18] /a 20
[04/07/2025 01:26:19] /a 20
[04/07/2025 01:26:19] /a 20
[04/07/2025 01:26:20] /a 20
[04/07/2025 01:26:21] /a 20
[04/07/2025 01:26:21] /a 20
[04/07/2025 01:26:22] /a 20
[04/07/2025 01:26:23] /a 20
[04/07/2025 01:26:23] /a 20
[04/07/2025 01:26:31] /a 20
[04/07/2025 01:26:32] /a 20
[04/07/2025 01:26:38] /a 20
[04/07/2025 01:26:39] /a 20
[04/07/2025 01:26:40] /a 20
[04/07/2025 01:26:40] /a 20
[04/07/2025 01:26:41] /a 20
[04/07/2025 01:29:12] /a 2
[04/07/2025 01:29:26] /goto bessa xucro
[04/07/2025 01:29:37] /goto [svip] bessa xucro
[04/07/2025 01:29:54] /ghost
[04/07/2025 01:31:43] /t
[04/07/2025 01:32:01] /a 20
[04/07/2025 01:32:04] /a 20
[04/07/2025 01:32:06] /a 20
[06/07/2025 20:55:57] /a 10
[06/07/2025 20:56:08] /a 2
[06/07/2025 20:56:11] /a 2
[06/07/2025 20:57:13] /r
[06/07/2025 20:57:14] /r
[06/07/2025 20:57:15] /r
[06/07/2025 20:57:27] /r
[06/07/2025 20:57:28] /r
[06/07/2025 20:57:28] /r
[06/07/2025 21:00:43] /a 2
[06/07/2025 21:00:44] /a 2
[06/07/2025 21:01:10] /a 2
[06/07/2025 21:01:19] /a 2
[06/07/2025 21:03:29] /b tivemos um imprevisto, ja iremos ajustar
[06/07/2025 21:05:51] /t
[06/07/2025 21:06:03] /a 2
[06/07/2025 21:06:04] /a 2
[06/07/2025 21:06:19] /ghost
[06/07/2025 21:07:09] /ghost
[06/07/2025 21:07:27] /r
[06/07/2025 21:08:03] /r
[06/07/2025 21:08:34] /r
[06/07/2025 21:08:50] /r
[06/07/2025 21:09:03] /r
[06/07/2025 21:09:14] /r
[06/07/2025 21:09:25] /r
[06/07/2025 21:10:26] /b GENTE TODOS Q PERDERAM COISA DO EVENTO DEVIDO AO OT CAIR SERAO REEMBOLSADOS
[06/07/2025 21:10:41] /r
[06/07/2025 21:10:57] /r
[06/07/2025 21:11:17] /r
[06/07/2025 21:11:29] /r
[06/07/2025 21:11:44] /r
[06/07/2025 21:12:03] /r
[06/07/2025 21:12:16] /r
[06/07/2025 21:12:33] /r
[06/07/2025 21:12:47] /r
[06/07/2025 21:13:13] /r
[06/07/2025 21:13:30] /r
[06/07/2025 21:13:49] /r
[06/07/2025 21:14:05] /r
[06/07/2025 21:14:22] /r
[06/07/2025 21:14:41] /r
[06/07/2025 21:14:50] /r
[06/07/2025 21:15:04] /r
[06/07/2025 21:15:28] /r
[06/07/2025 21:15:39] /r
[06/07/2025 21:15:55] /r
[06/07/2025 21:16:10] /r
[06/07/2025 21:16:29] /r
[06/07/2025 21:16:42] /r
[06/07/2025 21:16:51] /r
[06/07/2025 21:17:03] /r
[06/07/2025 21:17:19] /r
[06/07/2025 21:17:30] /r
[06/07/2025 21:17:44] /r
[06/07/2025 21:17:57] /r
[06/07/2025 21:18:10] /r
[06/07/2025 21:18:22] /r
[06/07/2025 21:18:34] /r
[06/07/2025 21:18:48] /r
[06/07/2025 21:19:05] /r
[06/07/2025 21:19:28] /r
[06/07/2025 21:19:37] /r
[06/07/2025 21:19:56] /r
[06/07/2025 21:20:10] /r
[06/07/2025 21:20:20] /r
[06/07/2025 21:20:32] /r
[06/07/2025 21:20:47] /r
[06/07/2025 21:20:54] /r
[06/07/2025 21:21:07] /b CABOOOO GALERA
[06/07/2025 21:21:34] /up
[06/07/2025 21:21:35] /up
[06/07/2025 21:21:36] /up
[06/07/2025 21:21:46] /c [Svip] Lord Paulistinha
[06/07/2025 21:22:11] /t [Svip] Lord Paulistinha
[06/07/2025 21:22:29] /c Jefinho
[06/07/2025 21:23:22] /t Jefinho
[06/07/2025 21:23:25] /t
[06/07/2025 21:27:52] /a 2
[06/07/2025 21:27:58] /a 4
[06/07/2025 21:28:03] /a 4
[06/07/2025 21:28:14] /c jefinho
[06/07/2025 21:28:46] /b BOA NOITE GALERA, CONTINUEM APROVEITANDO O OT, PEÇO DESCULPAS PELO IMPREVISTO
[06/07/2025 22:12:54] /ghost
[06/07/2025 22:13:00] /goto cave 4
[06/07/2025 22:13:43] /goto [svip] bolzani
[06/07/2025 22:14:12] /a 2
[06/07/2025 22:14:43] /a 2
[06/07/2025 22:14:47] /c jack
[06/07/2025 22:15:33] /t jack
[06/07/2025 22:16:12] /goto cave 5
[06/07/2025 22:16:47] /c dumbledore
[06/07/2025 22:19:27] /t
[06/07/2025 22:22:00] /goto [svip] bolzani
[06/07/2025 22:22:18] /c wazs
[06/07/2025 22:22:33] /c Wasz
[06/07/2025 22:22:48] /ghost
[06/07/2025 22:23:22] /ghost
[06/07/2025 22:25:14] /c wasz
[06/07/2025 22:27:10] /a 2
[06/07/2025 22:28:20] /a 2
[06/07/2025 22:28:25] /a 2
[06/07/2025 22:30:12] /r
[06/07/2025 22:33:18] /ghost
[06/07/2025 22:33:31] /r
[06/07/2025 22:35:07] /c defurion
[06/07/2025 22:35:13] /c [svip] bolzani
[06/07/2025 22:35:35] /a 2
[06/07/2025 22:35:39] /a 2
[06/07/2025 22:35:47] /a 1
[06/07/2025 22:36:50] /a 5
[06/07/2025 22:36:53] /a 2
[06/07/2025 22:38:13] /a 2
[06/07/2025 22:38:33] /a 20
[06/07/2025 22:39:06] /a 20
[06/07/2025 22:39:10] /a 20
[06/07/2025 22:40:48] /a 2
[06/07/2025 22:41:29] /a 10
[06/07/2025 22:45:04] /a 2
[06/07/2025 22:46:26] /t
[06/07/2025 22:53:46] /ghost
[06/07/2025 22:55:57] /goto marcolino
[06/07/2025 22:57:13] /goto marcolino
[06/07/2025 22:58:21] /r
[06/07/2025 22:58:26] /ghost
[06/07/2025 22:58:47] /ghost
[06/07/2025 23:00:48] /t
[06/07/2025 23:06:34] /ghost
[06/07/2025 23:11:45] /ghost
[06/07/2025 23:14:06] /a 20
[06/07/2025 23:14:12] /goto defurion
[06/07/2025 23:14:19] /a 2
[06/07/2025 23:16:04] /c defurion
[06/07/2025 23:17:29] /goto defurion
[06/07/2025 23:17:42] /goto marcolino
[06/07/2025 23:22:03] /goto defurion
[06/07/2025 23:23:15] /a 2
[06/07/2025 23:24:39] /goto defurion
[06/07/2025 23:27:15] /goto jefinho
[06/07/2025 23:28:09] /goto mahzinha
[06/07/2025 23:28:15] /info mahzinha
[06/07/2025 23:28:31] /info monx
[07/07/2025 02:01:38] /goto [svip] bessa xucro
[07/07/2025 02:02:02] /goto Imnesity Mittral
[07/07/2025 02:02:27] /goto [Svip] Comandante Da Morte [6009]
[07/07/2025 02:02:33] /goto [Svip] Comandante Da Morte
[07/07/2025 02:03:09] /goto jvtim ed
[07/07/2025 02:03:27] /goto [Svip] Jvtim ed
[07/07/2025 02:04:19] /t
[07/07/2025 02:13:57] /goto defurion
[07/07/2025 02:14:02] /goto monx
[07/07/2025 02:16:02] /goto cave 4
[07/07/2025 02:16:14] /c dumbledore
[07/07/2025 02:18:08] /goto 
[07/07/2025 18:19:48] /goto marcolino
[07/07/2025 18:19:53] /a 2
[07/07/2025 18:20:31] /a 2
[07/07/2025 18:31:20] /goto [svip] jvtim ed
[07/07/2025 18:31:41] /goto imnesity mittral
[07/07/2025 18:31:46] /t
[07/07/2025 18:35:16] /goto oi tiu
[07/07/2025 18:35:41] /t
[07/07/2025 18:47:37] /goto cave 4
[07/07/2025 18:47:41] /a 2
[07/07/2025 18:47:45] /c to pk
[07/07/2025 18:48:42] /t
[07/07/2025 18:49:00] /goto sr mala
[07/07/2025 18:53:30] /t
[07/07/2025 18:53:43] /goto ekdo loot
[07/07/2025 18:54:50] /goto ekdo loot
[07/07/2025 18:57:17] /goto imnesity mittral
[07/07/2025 18:57:20] /t
[07/07/2025 19:01:49] /goto cave 4
[07/07/2025 19:01:53] /a 2
[07/07/2025 19:01:58] /c to pk
[07/07/2025 19:04:48] /t
[07/07/2025 19:04:50] /goto malinha
[07/07/2025 19:04:55] /goto sr mala
[07/07/2025 19:05:06] /goto [svip] bolzani
[07/07/2025 19:05:10] /a
[07/07/2025 19:05:38] /m treiner
[07/07/2025 19:05:47] /r
[07/07/2025 19:05:52] /m training
[07/07/2025 19:05:57] /m trainer
[07/07/2025 19:06:12] /r
[07/07/2025 19:09:07] /b ZORALURK NA CITY, CUIDADO AO PASSAR HAHAHA
[07/07/2025 19:09:16] /m zoralurk
[07/07/2025 19:09:54] /b CADE O PESSOAL PARA MATAR O ZORALURK QUE ESTA SOLTO PELA CITY?
[07/07/2025 19:10:50] /r
[07/07/2025 20:47:48] /goto knight mover
[07/07/2025 20:47:52] /t
[07/07/2025 20:48:50] /goto knight mover
[07/07/2025 20:49:30] /goto knight mover
[07/07/2025 20:54:15] /goto marcolino
[07/07/2025 20:54:27] /goto jefinho
[07/07/2025 20:54:33] /goto wasz
[07/07/2025 20:54:55] /a 2
[07/07/2025 20:54:59] /a 2
[07/07/2025 20:55:00] /a 2
[07/07/2025 20:55:02] /a 2
[07/07/2025 20:55:03] /a 2
[07/07/2025 20:55:04] /a 2
[07/07/2025 20:55:05] /a 2
[07/07/2025 20:55:06] /a 2
[07/07/2025 20:55:08] /up
[07/07/2025 20:55:15] /a 10
[07/07/2025 20:55:17] /a 10
[07/07/2025 20:55:19] /a 10
[07/07/2025 20:55:22] /a 10
[07/07/2025 20:55:25] /up
[07/07/2025 20:55:26] /up
[07/07/2025 20:55:30] /a 2
[07/07/2025 20:55:56] /c to pk
[07/07/2025 20:56:07] /t
[11/07/2025 00:39:32] /goto jesus de mobilete
[11/07/2025 00:39:39] /goto menino mal
[11/07/2025 00:39:48] /t
