[27/06/2025 18:23:31] /ghost
[27/06/2025 18:24:07] /goto chefinho
[27/06/2025 18:31:01] /a 2
[27/06/2025 18:31:04] /a 2
[27/06/2025 18:31:10] /a 3
[27/06/2025 18:44:23] /c dumbledore
[27/06/2025 18:46:49] /goto bolzani
[27/06/2025 18:47:26] /goto kina pro max
[27/06/2025 18:47:35] /t
[27/06/2025 18:56:13] /ghost
[27/06/2025 20:06:39] /ghost
[27/06/2025 20:06:45] /goto erviinha
[27/06/2025 20:06:55] /t
[27/06/2025 20:17:37] /goto chefinho
[27/06/2025 20:17:51] /t
[27/06/2025 20:19:49] /c dumbledore
[27/06/2025 21:00:37] /goto chefinho
[27/06/2025 21:01:00] /a 2
[27/06/2025 21:01:17] /a 2
[27/06/2025 21:01:18] /a 2
[27/06/2025 21:01:19] /a 2
[27/06/2025 21:01:20] /a 2
[27/06/2025 21:01:21] /a 2
[27/06/2025 21:01:24] /up
[27/06/2025 21:01:33] /a 2
[27/06/2025 21:01:34] /a 2
[27/06/2025 21:01:35] /a 2
[27/06/2025 21:01:35] /a 2
[27/06/2025 21:01:37] /a 2
[27/06/2025 21:01:38] /a 2
[27/06/2025 21:01:41] /a 2
[27/06/2025 21:01:45] /up
[27/06/2025 21:01:47] /up
[27/06/2025 21:01:48] /up
[27/06/2025 21:01:50] /up
[27/06/2025 21:01:58] /t
[27/06/2025 21:02:44] /goto  los neto
[27/06/2025 21:02:53] /t
[27/06/2025 22:48:50] /goto dumbledore
[27/06/2025 22:49:10] /a 2
[27/06/2025 22:49:11] /a 2
[27/06/2025 22:49:15] /up
[27/06/2025 22:49:30] /up
[27/06/2025 22:49:31] /up
[27/06/2025 22:49:32] /up
[27/06/2025 22:49:38] /c dumbledore
[27/06/2025 22:49:55] /t
[27/06/2025 22:50:51] /goto chefinho
[27/06/2025 22:50:56] /t
[27/06/2025 22:51:52] /goto chefinho
[27/06/2025 22:52:40] /goto chefinho
[27/06/2025 22:53:03] /goto chefinho
[27/06/2025 22:53:30] /t
[27/06/2025 22:55:03] /goto dumbledore
[27/06/2025 22:56:29] /c dumbledore
[27/06/2025 22:57:01] /t
[30/06/2025 14:58:27] /goto crazy enopes
[30/06/2025 14:58:50] /goto [svip] vinil
[30/06/2025 15:14:07] /t
[30/06/2025 15:52:41] /goto crazy enopes
[30/06/2025 15:53:36] /t
[30/06/2025 15:53:59] /goto marcolino
[30/06/2025 15:54:26] /goto tinra bey
[30/06/2025 15:54:39] /t
[30/06/2025 15:57:18] /goto brazilian sniper
[30/06/2025 15:58:16] /a 2
[30/06/2025 15:58:33] /goto crazy enopes
[30/06/2025 15:58:38] /t
[30/06/2025 15:59:29] /ghost
[30/06/2025 16:07:31] /up
[30/06/2025 16:07:39] /down
[30/06/2025 16:07:44] /a 1
[30/06/2025 16:07:47] /a 1
[30/06/2025 16:08:44] /ghost
[30/06/2025 16:27:36] /up
[30/06/2025 16:40:54] /a 2
[30/06/2025 16:40:58] /a 10
[30/06/2025 16:41:14] /up
[30/06/2025 16:41:19] /a 2
[30/06/2025 16:41:38] /down
[30/06/2025 16:41:50] /a 10
[30/06/2025 16:42:02] /a 20
[30/06/2025 17:06:56] /up
[30/06/2025 17:07:04] /a 1
[30/06/2025 17:07:40] /c dumbledore
[30/06/2025 17:08:32] /a 6
[30/06/2025 17:08:35] /c dumbledore
[30/06/2025 17:09:49] /t
[30/06/2025 17:12:31] /a 2
[30/06/2025 17:13:09] /ghost
[30/06/2025 17:26:42] /ghost
[30/06/2025 17:26:49] /goto lord paulistinha
[30/06/2025 17:27:22] /goto marcolino
[30/06/2025 17:27:29] /goto jack
[30/06/2025 17:27:54] /goto davizera
[30/06/2025 17:28:52] /c pally mal
[30/06/2025 17:29:15] /goto davizera
[30/06/2025 17:29:24] /goto davizera
[30/06/2025 17:30:01] /goto davizera
[30/06/2025 17:30:03] /t
[30/06/2025 17:30:05] /goto davizera
[30/06/2025 17:30:39] /goto davizera
[30/06/2025 17:39:43] /goto davizera
[30/06/2025 17:40:05] /a 2
[30/06/2025 17:40:11] /t pally mal
[30/06/2025 17:40:37] /c pally mal
[30/06/2025 17:41:20] /goto davizera
[30/06/2025 17:43:07] /goto davizera
[30/06/2025 17:57:45] /t
[30/06/2025 18:26:22] /goto [Svip] [GM] Lite
[30/06/2025 18:32:49] /goto cave 3
[30/06/2025 18:33:39] /c [Svip] [GM] Lite
[30/06/2025 18:34:44] /goto [Svip] Vinil 
[30/06/2025 18:35:18] /c [Svip] [GM] Lite
[30/06/2025 18:35:44] /ghost
[30/06/2025 18:42:50] /goto crazy enopes
[30/06/2025 18:43:35] /t
[30/06/2025 18:46:16] /ghost
[30/06/2025 18:51:41] /goto [Svip] [GM] Lite
[30/06/2025 19:11:33] /goto crazy enopes
[30/06/2025 19:12:06] /a 5
[30/06/2025 19:12:08] /a 5
[30/06/2025 19:12:09] /a 5
[30/06/2025 19:12:14] /a 5
[30/06/2025 19:13:45] /goto crazy enopes
[30/06/2025 19:14:56] /a 5
[30/06/2025 19:15:01] /a 5
[30/06/2025 19:15:06] /a 5
[30/06/2025 19:15:13] /goto crazy enopes
[30/06/2025 19:20:41] /goto crazy enopes
[30/06/2025 19:23:28] /a 5
[30/06/2025 19:36:29] /goto crazy enopes
[30/06/2025 19:45:42] /goto gameplay alexandre
[30/06/2025 19:49:00] /goto crazy enopes
[30/06/2025 19:53:27] /goto crazy enopes
[30/06/2025 19:54:27] /up
[30/06/2025 19:54:34] /ghost
[30/06/2025 19:56:14] /c crazy enopes
[30/06/2025 19:56:33] /up
[30/06/2025 19:56:38] /down
[30/06/2025 19:56:51] /c crazy enopes
[30/06/2025 19:57:09] /ghost
[30/06/2025 20:06:45] /goto crazy enopes
[30/06/2025 20:13:33] /goto crazy enopes
[30/06/2025 20:37:48] /c crazy enopes
[30/06/2025 20:39:14] /a 3
[30/06/2025 20:39:18] /a 3
[30/06/2025 20:39:23] /c
[30/06/2025 20:46:11] /goto loirah kah
[30/06/2025 21:30:08] /goto [svip] bolzani
[30/06/2025 21:41:53] /t
[30/06/2025 21:42:50] /ghost
[30/06/2025 21:44:49] /c bessa xucro
[30/06/2025 21:46:31] /up
[30/06/2025 21:46:32] /up
[30/06/2025 21:46:33] /up
[30/06/2025 21:46:41] /c bessa xucro
[30/06/2025 21:49:32] /t bessa xucro
[30/06/2025 21:49:34] /t
[30/06/2025 21:51:33] /ghost
[30/06/2025 21:52:07] /c bessa xucro
[30/06/2025 21:54:36] /t
[30/06/2025 21:54:52] /c bessa xucro
[30/06/2025 21:55:25] /ghost
[30/06/2025 21:56:35] /ghost
[30/06/2025 22:06:44] /goto free demon
[30/06/2025 22:07:05] /ghost
[30/06/2025 22:07:38] /t
[30/06/2025 22:07:55] /c free demon
[30/06/2025 22:10:51] /goto bessa xucro
[30/06/2025 22:10:59] /goto bessa xucro
[30/06/2025 22:11:40] /ghost
[30/06/2025 22:11:45] /goto [Svip] [GM] Lite
[30/06/2025 22:12:39] /goto bessa xucro
[30/06/2025 22:15:41] /goto [Svip] [GM] Lite
[30/06/2025 22:15:48] /goto [Svip] vinil
[30/06/2025 22:15:52] /t
[30/06/2025 22:22:59] /goto bessa xucro
[30/06/2025 22:26:38] /goto brazilian sniper
[30/06/2025 22:26:51] /goto brazilian sniper
[30/06/2025 22:27:02] /t
[30/06/2025 22:27:10] /goto luis paladin
[30/06/2025 22:27:35] /goto crazy enopes
[30/06/2025 22:27:43] /t
[30/06/2025 22:28:28] /goto bessa xucro
[30/06/2025 22:28:43] /goto bessa xucro
[30/06/2025 22:28:45] /t
[30/06/2025 22:28:53] /goto [Svip] [GM] Lite
[30/06/2025 22:34:53] /goto bessa xucro
[30/06/2025 22:34:59] /goto bessa xucro
[30/06/2025 22:35:53] /t bessa xucro
[30/06/2025 22:35:56] /t
[30/06/2025 22:36:48] /goto bessa xucro
[30/06/2025 22:44:51] /goto [Svip] [GM] Lite
[30/06/2025 22:45:27] /goto [Svip] [GM] Lite
[30/06/2025 22:45:33] /a 3
[30/06/2025 22:45:37] /a 2
[30/06/2025 22:59:59] /goto bessa xucro
[30/06/2025 23:03:08] /goto cave 4
[30/06/2025 23:03:16] /c [Svip] [GM] Lite
[30/06/2025 23:03:20] /c pally mal
[30/06/2025 23:03:42] /t pally mal
[30/06/2025 23:03:45] /t
[01/07/2025 11:27:27] /goto bessa xucro
[01/07/2025 11:27:49] /ghost
[01/07/2025 11:30:09] /goto [svip] bolzani
[01/07/2025 11:30:23] /t
[01/07/2025 11:40:29] /ghost
[01/07/2025 11:40:42] /goto [svip] vinil
[01/07/2025 11:40:51] /goto bessa xucro
[01/07/2025 11:40:57] /a 3
[01/07/2025 11:40:58] /a 3
[01/07/2025 11:41:10] /a 2
[01/07/2025 11:41:13] /a 3
[01/07/2025 11:41:16] /a 7
[01/07/2025 11:41:23] /c bessa xucro
[01/07/2025 11:42:51] /t
[01/07/2025 11:43:46] /c bessa xucro
[01/07/2025 11:45:02] /goto bessa chucro
[01/07/2025 11:45:06] /goto bessa xucro
[01/07/2025 11:47:07] /t
[01/07/2025 11:49:02] /t
[01/07/2025 11:49:20] /goto cave 3
[01/07/2025 11:49:45] /c bessa xucro
[01/07/2025 11:53:13] /t bessa xucro
[01/07/2025 11:53:15] /t
[01/07/2025 11:54:21] /b Convidem os amigos, mandem para seus grupos, trouxe amigo ganha recompensa!!
[01/07/2025 11:58:11] /b Convidem os amigos, mandem para seus grupos, trouxe amigo ganha recompensa!!
[01/07/2025 12:03:01] /ghost
[01/07/2025 12:10:31] /info crazy enopes
[01/07/2025 12:11:18] /info [svip] vinil
[01/07/2025 12:11:42] /info [svip]cbolzani
[01/07/2025 12:11:48] /info [svip] bolzani
[01/07/2025 12:13:14] /info bessa xucro
[01/07/2025 12:14:46] /info gameplay alexandre
[01/07/2025 12:15:03] /goto gameplay alexandre
[01/07/2025 12:15:06] /t
[01/07/2025 12:18:01] /ghost
[01/07/2025 12:18:11] /goto crazy enopes
[01/07/2025 12:18:40] /goto [svip] bolzani
[01/07/2025 12:20:07] /goto crazy enopes
[01/07/2025 12:22:09] /goto [svip] bolzani
[01/07/2025 12:22:23] /up
[01/07/2025 12:22:25] /up
[01/07/2025 12:22:29] /down
[01/07/2025 12:22:30] /down
[01/07/2025 12:22:35] /t vip 2
[01/07/2025 12:22:38] /t
[01/07/2025 12:23:04] /c [svip] bolzani
[01/07/2025 12:23:30] /a 2
[01/07/2025 12:24:43] /c [svip] bolzani
[01/07/2025 12:25:00] /t [svip] bolzani
[01/07/2025 12:25:02] /t
[01/07/2025 15:03:09] /goto cave 4
[01/07/2025 15:03:16] /c dumbledore
[01/07/2025 15:03:17] /t
[01/07/2025 15:04:04] /goto [svip] vinil
[01/07/2025 15:04:07] /t
[01/07/2025 15:04:20] /goto [svip] [gm] lite
[01/07/2025 15:04:34] /t
[01/07/2025 15:04:45] /goto bessa xucro
[01/07/2025 15:04:50] /t
[01/07/2025 15:12:44] /goto [svip] bolzani
[01/07/2025 15:13:25] /t
[01/07/2025 15:28:32] /info chevrolet
[01/07/2025 16:04:38] /goto bessa xucro
[01/07/2025 16:17:49] /b convidem os amigos
[01/07/2025 18:09:18] /goto pally mal
[01/07/2025 18:14:33] /t
[01/07/2025 18:21:32] /goto pally mal
[01/07/2025 18:21:42] /c [svip] vinil
[01/07/2025 18:27:17] /c guizinho
[01/07/2025 18:27:21] /c bessa xucro
[01/07/2025 18:27:28] /a 2
[01/07/2025 18:27:31] /c bessa xucro
[01/07/2025 18:29:21] /c bessa xucro
[01/07/2025 18:35:11] /a 2
[01/07/2025 18:37:11] /a 2
[01/07/2025 18:37:20] /a 2
[01/07/2025 18:37:25] /up
[01/07/2025 18:37:34] /a 2
[01/07/2025 18:37:41] /c guizinho
[01/07/2025 18:37:47] /c bessa xucro
[01/07/2025 18:42:03] /a 2
[01/07/2025 18:42:08] /c bessa xucro
[01/07/2025 18:42:35] /up
[01/07/2025 18:42:39] /a 2
[01/07/2025 18:44:45] /c dumbldore
[01/07/2025 18:44:52] /c dumbldore
[01/07/2025 18:44:56] /c dumbledore
[01/07/2025 18:47:48] /goto [svip] bolzani
[01/07/2025 18:48:09] /c pally mal
[01/07/2025 18:48:14] /c guizinho
[01/07/2025 18:48:25] /c bessa xucro
[01/07/2025 18:48:34] /c bessa xucro
[01/07/2025 18:51:39] /c bessa xucro
[01/07/2025 18:51:49] /goto pally mal
[01/07/2025 18:51:52] /c bessa xucro
[01/07/2025 19:03:13] /t
[01/07/2025 19:11:35] /goto guizinho
[01/07/2025 19:47:10] /goto osama
[01/07/2025 19:47:15] /t
[02/07/2025 16:25:29] /goto [svip] vinil
[02/07/2025 16:26:06] /goto [svip] vinil
[02/07/2025 16:26:07] /goto [svip] vinil
[02/07/2025 16:26:09] /goto [svip] vinil
[02/07/2025 16:26:09] /goto [svip] vinil
[02/07/2025 16:26:10] /goto [svip] vinil
[02/07/2025 16:26:11] /goto [svip] vinil
[02/07/2025 16:26:12] /goto [svip] vinil
[02/07/2025 16:26:13] /goto [svip] vinil
[02/07/2025 16:26:13] /goto [svip] vinil
[02/07/2025 16:26:14] /goto [svip] vinil
[02/07/2025 16:26:15] /goto [svip] vinil
[02/07/2025 16:26:16] /goto [svip] vinil
[02/07/2025 16:26:18] /goto [svip] vinil
[02/07/2025 16:26:19] /goto [svip] vinil
[02/07/2025 16:26:20] /goto [svip] vinil
[02/07/2025 16:26:21] /goto [svip] vinil
[02/07/2025 16:26:22] /goto [svip] vinil
[02/07/2025 16:26:23] /goto [svip] vinil
[02/07/2025 16:26:38] /t
[02/07/2025 16:27:11] /goto osama
[02/07/2025 16:27:19] /goto spacefoox
[02/07/2025 16:27:22] /goto spacefoox
[02/07/2025 16:27:36] /goto maduro
[02/07/2025 16:27:46] /t
[02/07/2025 16:36:11] /goto spacefoox
[02/07/2025 16:36:44] /c terror
[02/07/2025 16:38:25] /goto spacefoox
[02/07/2025 16:38:38] /c terror
[02/07/2025 16:39:57] /t
[02/07/2025 16:43:06] /goto [svip] comandante da morte
[02/07/2025 16:43:22] /c terror
[02/07/2025 16:44:41] /t
[02/07/2025 16:51:29] /info eletro lux
[02/07/2025 16:51:46] /info marola
[02/07/2025 16:52:01] /info [Svip] Comandante Da Morte
[02/07/2025 22:42:37] /goto [svip] vinil
[02/07/2025 22:42:45] /t
[02/07/2025 22:43:02] /goto [svip] [gm] lite
[02/07/2025 22:43:05] /t
[02/07/2025 22:43:30] /goto spacefoox
[02/07/2025 22:44:24] /t
[03/07/2025 02:43:56] /goto spacefoox
[03/07/2025 02:44:12] /goto eletro lux
[03/07/2025 02:44:25] /t
[03/07/2025 02:48:36] /goto spacefoox
[03/07/2025 02:48:45] /goto eletro lux
[03/07/2025 02:48:52] /t
[03/07/2025 02:49:49] /goto spacefoox
[03/07/2025 02:49:52] /t
[03/07/2025 02:53:42] /goto eletro lux
[03/07/2025 02:55:21] /t
[03/07/2025 03:04:47] /goto marola
[03/07/2025 03:05:00] /goto drogadin knight
[03/07/2025 03:05:14] /goto pally rush
[03/07/2025 03:05:21] /t
[03/07/2025 03:13:16] /goto delegado do tibia
[03/07/2025 03:16:37] /goto delegado do tibia
[03/07/2025 14:38:45] /goto bessa xucro
[03/07/2025 14:38:53] /goto bessa xucro
[03/07/2025 14:39:18] /goto Bessa Xucro
[03/07/2025 14:39:40] /goto Bessa Xucro
